Archive member included to satisfy reference by file (symbol)

c:/nxp/s32ds.3.5/s32ds/build_tools/gcc_b1620/gcc-6.3-arm32-eabi/bin/../lib/gcc/arm-none-eabi/6.3.1/thumb/v6-m\libgcc.a(_udivsi3.o)
                              ./SDK/platform/devices/S32K116/startup/system_S32K116.o (__aeabi_uidiv)
c:/nxp/s32ds.3.5/s32ds/build_tools/gcc_b1620/gcc-6.3-arm32-eabi/bin/../lib/gcc/arm-none-eabi/6.3.1/thumb/v6-m\libgcc.a(_divsi3.o)
                              ./SDK/platform/drivers/src/lpspi/lpspi_shared_function.o (__aeabi_idivmod)
c:/nxp/s32ds.3.5/s32ds/build_tools/gcc_b1620/gcc-6.3-arm32-eabi/bin/../lib/gcc/arm-none-eabi/6.3.1/thumb/v6-m\libgcc.a(_dvmd_tls.o)
                              c:/nxp/s32ds.3.5/s32ds/build_tools/gcc_b1620/gcc-6.3-arm32-eabi/bin/../lib/gcc/arm-none-eabi/6.3.1/thumb/v6-m\libgcc.a(_udivsi3.o) (__aeabi_idiv0)
c:/nxp/s32ds.3.5/s32ds/build_tools/gcc_b1620/gcc-6.3-arm32-eabi/bin/../lib/gcc/arm-none-eabi/6.3.1/thumb/v6-m\libgcc.a(muldf3.o)
                              ./src/TMP1075_Interface.o (__aeabi_dmul)
c:/nxp/s32ds.3.5/s32ds/build_tools/gcc_b1620/gcc-6.3-arm32-eabi/bin/../lib/gcc/arm-none-eabi/6.3.1/thumb/v6-m\libgcc.a(floatsidf.o)
                              ./src/TMP1075_Interface.o (__aeabi_i2d)
c:/nxp/s32ds.3.5/s32ds/build_tools/gcc_b1620/gcc-6.3-arm32-eabi/bin/../lib/gcc/arm-none-eabi/6.3.1/thumb/v6-m\libgcc.a(truncdfsf2.o)
                              ./src/TMP1075_Interface.o (__aeabi_d2f)
c:/nxp/s32ds.3.5/s32ds/build_tools/gcc_b1620/gcc-6.3-arm32-eabi/bin/../lib/gcc/arm-none-eabi/6.3.1/thumb/v6-m\libgcc.a(_clzsi2.o)
                              c:/nxp/s32ds.3.5/s32ds/build_tools/gcc_b1620/gcc-6.3-arm32-eabi/bin/../lib/gcc/arm-none-eabi/6.3.1/thumb/v6-m\libgcc.a(muldf3.o) (__clzsi2)
C:/NXP/S32DS.3.5/S32DS/build_tools/gcc_b1620/gcc-6.3-arm32-eabi/arm-none-eabi/newlib/lib/thumb/v6-m\libc_nano.a(lib_a-exit.o)
                              C:/NXP/S32DS.3.5/S32DS/build_tools/gcc_b1620/gcc-6.3-arm32-eabi/arm-none-eabi/newlib/lib/thumb/v6-m/crt0.o (exit)
C:/NXP/S32DS.3.5/S32DS/build_tools/gcc_b1620/gcc-6.3-arm32-eabi/arm-none-eabi/newlib/lib/thumb/v6-m\libc_nano.a(lib_a-impure.o)
                              C:/NXP/S32DS.3.5/S32DS/build_tools/gcc_b1620/gcc-6.3-arm32-eabi/arm-none-eabi/newlib/lib/thumb/v6-m\libc_nano.a(lib_a-exit.o) (_global_impure_ptr)
C:/NXP/S32DS.3.5/S32DS/build_tools/gcc_b1620/gcc-6.3-arm32-eabi/arm-none-eabi/newlib/lib/thumb/v6-m\libc_nano.a(lib_a-init.o)
                              C:/NXP/S32DS.3.5/S32DS/build_tools/gcc_b1620/gcc-6.3-arm32-eabi/arm-none-eabi/newlib/lib/thumb/v6-m/crt0.o (__libc_init_array)
C:/NXP/S32DS.3.5/S32DS/build_tools/gcc_b1620/gcc-6.3-arm32-eabi/arm-none-eabi/newlib/lib/thumb/v6-m\libc_nano.a(lib_a-memcpy-stub.o)
                              ./src/MBI6353Q.o (memcpy)
C:/NXP/S32DS.3.5/S32DS/build_tools/gcc_b1620/gcc-6.3-arm32-eabi/arm-none-eabi/newlib/lib/thumb/v6-m\libc_nano.a(lib_a-memset.o)
                              C:/NXP/S32DS.3.5/S32DS/build_tools/gcc_b1620/gcc-6.3-arm32-eabi/arm-none-eabi/newlib/lib/thumb/v6-m/crt0.o (memset)
C:/NXP/S32DS.3.5/S32DS/build_tools/gcc_b1620/gcc-6.3-arm32-eabi/arm-none-eabi/newlib/lib/thumb/v6-m\libnosys.a(_exit.o)
                              C:/NXP/S32DS.3.5/S32DS/build_tools/gcc_b1620/gcc-6.3-arm32-eabi/arm-none-eabi/newlib/lib/thumb/v6-m\libc_nano.a(lib_a-exit.o) (_exit)

Discarded input sections

 .text          0x00000000        0x0 c:/nxp/s32ds.3.5/s32ds/build_tools/gcc_b1620/gcc-6.3-arm32-eabi/bin/../lib/gcc/arm-none-eabi/6.3.1/thumb/v6-m/crti.o
 .data          0x00000000        0x0 c:/nxp/s32ds.3.5/s32ds/build_tools/gcc_b1620/gcc-6.3-arm32-eabi/bin/../lib/gcc/arm-none-eabi/6.3.1/thumb/v6-m/crti.o
 .bss           0x00000000        0x0 c:/nxp/s32ds.3.5/s32ds/build_tools/gcc_b1620/gcc-6.3-arm32-eabi/bin/../lib/gcc/arm-none-eabi/6.3.1/thumb/v6-m/crti.o
 .text          0x00000000       0xb4 c:/nxp/s32ds.3.5/s32ds/build_tools/gcc_b1620/gcc-6.3-arm32-eabi/bin/../lib/gcc/arm-none-eabi/6.3.1/thumb/v6-m/crtbegin.o
 .data          0x00000000        0x4 c:/nxp/s32ds.3.5/s32ds/build_tools/gcc_b1620/gcc-6.3-arm32-eabi/bin/../lib/gcc/arm-none-eabi/6.3.1/thumb/v6-m/crtbegin.o
 .bss           0x00000000       0x1c c:/nxp/s32ds.3.5/s32ds/build_tools/gcc_b1620/gcc-6.3-arm32-eabi/bin/../lib/gcc/arm-none-eabi/6.3.1/thumb/v6-m/crtbegin.o
 .init_array    0x00000000        0x4 c:/nxp/s32ds.3.5/s32ds/build_tools/gcc_b1620/gcc-6.3-arm32-eabi/bin/../lib/gcc/arm-none-eabi/6.3.1/thumb/v6-m/crtbegin.o
 .fini_array    0x00000000        0x4 c:/nxp/s32ds.3.5/s32ds/build_tools/gcc_b1620/gcc-6.3-arm32-eabi/bin/../lib/gcc/arm-none-eabi/6.3.1/thumb/v6-m/crtbegin.o
 .eh_frame      0x00000000        0x0 c:/nxp/s32ds.3.5/s32ds/build_tools/gcc_b1620/gcc-6.3-arm32-eabi/bin/../lib/gcc/arm-none-eabi/6.3.1/thumb/v6-m/crtbegin.o
 .jcr           0x00000000        0x0 c:/nxp/s32ds.3.5/s32ds/build_tools/gcc_b1620/gcc-6.3-arm32-eabi/bin/../lib/gcc/arm-none-eabi/6.3.1/thumb/v6-m/crtbegin.o
 .tm_clone_table
[...]
Memory Configuration

Name             Origin             Length             Attributes
m_interrupts     0x00000000         0x000000c0         xr
m_flash_config   0x00000400         0x00000010         xr
m_text           0x00000410         0x0001fbf0         xr
m_custom         0x1ffffc00         0x00000400         rw
m_data           0x20000000         0x000020c0         rw
m_data_2         0x200020c0         0x00001740         rw
*default*        0x00000000         0xffffffff

Linker script and memory map

LOAD c:/nxp/s32ds.3.5/s32ds/build_tools/gcc_b1620/gcc-6.3-arm32-eabi/bin/../lib/gcc/arm-none-eabi/6.3.1/thumb/v6-m/crti.o
LOAD c:/nxp/s32ds.3.5/s32ds/build_tools/gcc_b1620/gcc-6.3-arm32-eabi/bin/../lib/gcc/arm-none-eabi/6.3.1/thumb/v6-m/crtbegin.o
LOAD C:/NXP/S32DS.3.5/S32DS/build_tools/gcc_b1620/gcc-6.3-arm32-eabi/arm-none-eabi/newlib/lib/thumb/v6-m/crt0.o
LOAD ./Project_Settings/Startup_Code/startup_S32K116.o
LOAD ./SDK/platform/devices/S32K116/startup/system_S32K116.o
LOAD ./SDK/platform/devices/startup.o
LOAD ./SDK/platform/drivers/src/clock/S32K1xx/clock_S32K1xx.o
LOAD ./SDK/platform/drivers/src/edma/edma_driver.o
LOAD ./SDK/platform/drivers/src/edma/edma_hw_access.o
LOAD ./SDK/platform/drivers/src/edma/edma_irq.o
LOAD ./SDK/platform/drivers/src/flexcan/flexcan_driver.o
LOAD ./SDK/platform/drivers/src/flexcan/flexcan_hw_access.o
LOAD ./SDK/platform/drivers/src/flexcan/flexcan_irq.o
LOAD ./SDK/platform/drivers/src/interrupt/interrupt_manager.o
LOAD ./SDK/platform/drivers/src/lpi2c/lpi2c_driver.o
LOAD ./SDK/platform/drivers/src/lpi2c/lpi2c_hw_access.o
LOAD ./SDK/platform/drivers/src/lpi2c/lpi2c_irq.o
LOAD ./SDK/platform/drivers/src/lpspi/lpspi_hw_access.o
LOAD ./SDK/platform/drivers/src/lpspi/lpspi_irq.o
LOAD ./SDK/platform/drivers/src/lpspi/lpspi_master_driver.o
LOAD ./SDK/platform/drivers/src/lpspi/lpspi_shared_function.o
LOAD ./SDK/platform/drivers/src/lpspi/lpspi_slave_driver.o
LOAD ./SDK/platform/drivers/src/pins/pins_driver.o
LOAD ./SDK/platform/drivers/src/pins/pins_port_hw_access.o
LOAD ./SDK/platform/pal/src/can/can_pal.o
LOAD ./SDK/rtos/osif/osif_baremetal.o
LOAD ./board/clock_config.o
LOAD ./board/peripherals_can_pal1.o
LOAD ./board/peripherals_edma_config_1.o
LOAD ./board/peripherals_lpi2c_config_1.o
LOAD ./board/peripherals_lpspi_1.o
LOAD ./board/peripherals_osif1.o
LOAD ./board/pin_mux.o
LOAD ./src/CAN_interface.o
LOAD ./src/MBI6353Q.o
LOAD ./src/MBI6353Q_Interface.o
LOAD ./src/TMP1075.o
LOAD ./src/TMP1075_Interface.o
LOAD ./src/Utils.o
LOAD ./src/main.o
START GROUP
LOAD c:/nxp/s32ds.3.5/s32ds/build_tools/gcc_b1620/gcc-6.3-arm32-eabi/bin/../lib/gcc/arm-none-eabi/6.3.1/thumb/v6-m\libgcc.a
LOAD C:/NXP/S32DS.3.5/S32DS/build_tools/gcc_b1620/gcc-6.3-arm32-eabi/arm-none-eabi/newlib/lib/thumb/v6-m\libc_nano.a
END GROUP
START GROUP
LOAD c:/nxp/s32ds.3.5/s32ds/build_tools/gcc_b1620/gcc-6.3-arm32-eabi/bin/../lib/gcc/arm-none-eabi/6.3.1/thumb/v6-m\libgcc.a
LOAD C:/NXP/S32DS.3.5/S32DS/build_tools/gcc_b1620/gcc-6.3-arm32-eabi/arm-none-eabi/newlib/lib/thumb/v6-m\libc_nano.a
LOAD C:/NXP/S32DS.3.5/S32DS/build_tools/gcc_b1620/gcc-6.3-arm32-eabi/arm-none-eabi/newlib/lib/thumb/v6-m\libnosys.a
END GROUP
START GROUP
LOAD c:/nxp/s32ds.3.5/s32ds/build_tools/gcc_b1620/gcc-6.3-arm32-eabi/bin/../lib/gcc/arm-none-eabi/6.3.1/thumb/v6-m\libgcc.a
LOAD C:/NXP/S32DS.3.5/S32DS/build_tools/gcc_b1620/gcc-6.3-arm32-eabi/arm-none-eabi/newlib/lib/thumb/v6-m\libc_nano.a
LOAD C:/NXP/S32DS.3.5/S32DS/build_tools/gcc_b1620/gcc-6.3-arm32-eabi/arm-none-eabi/newlib/lib/thumb/v6-m\libnosys.a
END GROUP
LOAD c:/nxp/s32ds.3.5/s32ds/build_tools/gcc_b1620/gcc-6.3-arm32-eabi/bin/../lib/gcc/arm-none-eabi/6.3.1/thumb/v6-m/crtend.o
LOAD c:/nxp/s32ds.3.5/s32ds/build_tools/gcc_b1620/gcc-6.3-arm32-eabi/bin/../lib/gcc/arm-none-eabi/6.3.1/thumb/v6-m/crtn.o
                0x00000200                HEAP_SIZE = DEFINED (__heap_size__)?__heap_size__:0x200
                0x00000200                STACK_SIZE = DEFINED (__stack_size__)?__stack_size__:0x200
                0x000000c0                M_VECTOR_RAM_SIZE = DEFINED (__flash_vector_table__)?0x0:0xc0

.interrupts     0x00000000       0xc0
                0x00000000                __VECTOR_TABLE = .
                0x00000000                __interrupts_start__ = .
                0x00000000                . = ALIGN (0x4)
 *(.isr_vector)
 .isr_vector    0x00000000       0xc0 ./Project_Settings/Startup_Code/startup_S32K116.o
                0x00000000                __isr_vector
                0x000000c0                __interrupts_end__ = .
                0x000000c0                . = ALIGN (0x4)

.flash_config   0x00000400       0x10
                0x00000400                . = ALIGN (0x4)
 *(.FlashConfig)
 .FlashConfig   0x00000400       0x10 ./Project_Settings/Startup_Code/startup_S32K116.o
                0x00000410                . = ALIGN (0x4)

.text           0x00000410     0x709c
                0x00000410                . = ALIGN (0x4)
 *(.text)
 .text          0x00000410       0x60 ./Project_Settings/Startup_Code/startup_S32K116.o
                0x00000410                Reset_Handler
                0x0000046c                ERM_fault_IRQHandler
                0x0000046c                PendSV_Handler
                0x0000046c                NMI_Handler
                0x0000046c                LPIT0_IRQHandler
                0x0000046c                ADC0_IRQHandler
                0x0000046c                FTM0_Ovf_Reload_IRQHandler
                0x0000046c                FTM1_Ch0_7_IRQHandler
                0x0000046c                DefaultISR
                0x0000046c                SCG_CMU_LVD_LVWSCG_IRQHandler
                0x0000046c                FTM0_Ch0_7_IRQHandler
                0x0000046c                RTC_IRQHandler
                0x0000046c                PDB0_IRQHandler
                0x0000046c                HardFault_Handler
                0x0000046c                Reserved27_IRQHandler
                0x0000046c                LPUART1_RxTx_IRQHandler
                0x0000046c                RTC_Seconds_IRQHandler
                0x0000046c                FTFC_IRQHandler
                0x0000046c                FTM0_Fault_IRQHandler
                0x0000046c                SVC_Handler
                0x0000046c                RCM_IRQHandler
                0x0000046c                FTM1_Fault_IRQHandler
                0x0000046c                LPUART0_RxTx_IRQHandler
                0x0000046c                WDOG_IRQHandler
                0x0000046c                LPTMR0_IRQHandler
                0x0000046c                FTM1_Ovf_Reload_IRQHandler
                0x0000046c                CMP0_IRQHandler
                0x0000046c                PORT_IRQHandler
                0x0000046c                FLEXIO_IRQHandler
 .text          0x00000470      0x114 c:/nxp/s32ds.3.5/s32ds/build_tools/gcc_b1620/gcc-6.3-arm32-eabi/bin/../lib/gcc/arm-none-eabi/6.3.1/thumb/v6-m\libgcc.a(_udivsi3.o)
                0x00000470                __aeabi_uidiv
                0x00000470                __udivsi3
                0x0000057c                __aeabi_uidivmod
 .text          0x00000584      0x1d4 c:/nxp/s32ds.3.5/s32ds/build_tools/gcc_b1620/gcc-6.3-arm32-eabi/bin/../lib/gcc/arm-none-eabi/6.3.1/thumb/v6-m\libgcc.a(_divsi3.o)
                0x00000584                __divsi3
                0x00000584                __aeabi_idiv
                0x00000750                __aeabi_idivmod
 .text          0x00000758        0x4 c:/nxp/s32ds.3.5/s32ds/build_tools/gcc_b1620/gcc-6.3-arm32-eabi/bin/../lib/gcc/arm-none-eabi/6.3.1/thumb/v6-m\libgcc.a(_dvmd_tls.o)
                0x00000758                __aeabi_idiv0
                0x00000758                __aeabi_ldiv0
 .text          0x0000075c      0x500 c:/nxp/s32ds.3.5/s32ds/build_tools/gcc_b1620/gcc-6.3-arm32-eabi/bin/../lib/gcc/arm-none-eabi/6.3.1/thumb/v6-m\libgcc.a(muldf3.o)
                0x0000075c                __aeabi_dmul
 .text          0x00000c5c       0x84 c:/nxp/s32ds.3.5/s32ds/build_tools/gcc_b1620/gcc-6.3-arm32-eabi/bin/../lib/gcc/arm-none-eabi/6.3.1/thumb/v6-m\libgcc.a(floatsidf.o)
                0x00000c5c                __aeabi_i2d
 .text          0x00000ce0      0x114 c:/nxp/s32ds.3.5/s32ds/build_tools/gcc_b1620/gcc-6.3-arm32-eabi/bin/../lib/gcc/arm-none-eabi/6.3.1/thumb/v6-m\libgcc.a(truncdfsf2.o)
                0x00000ce0                __aeabi_d2f
 .text          0x00000df4       0x3c c:/nxp/s32ds.3.5/s32ds/build_tools/gcc_b1620/gcc-6.3-arm32-eabi/bin/../lib/gcc/arm-none-eabi/6.3.1/thumb/v6-m\libgcc.a(_clzsi2.o)
                0x00000df4                __clzsi2
 *(.text*)
 .text.SystemInit
                0x00000e30       0x24 ./SDK/platform/devices/S32K116/startup/system_S32K116.o
                0x00000e30                SystemInit
 .text.init_data_bss
                0x00000e54       0xdc ./SDK/platform/devices/startup.o
                0x00000e54                init_data_bss
 .text.CLOCK_SYS_GetCurrentRunMode
                0x00000f30       0x28 ./SDK/platform/drivers/src/clock/S32K1xx/clock_S32K1xx.o
 .text.CLOCK_SYS_GetSysOscFreq
                0x00000f58       0x1c ./SDK/platform/drivers/src/clock/S32K1xx/clock_S32K1xx.o
 .text.CLOCK_SYS_ConfigureSOSC
                0x00000f74      0x128 ./SDK/platform/drivers/src/clock/S32K1xx/clock_S32K1xx.o
 .text.CLOCK_SYS_GetSircFreq
                0x0000109c       0x28 ./SDK/platform/drivers/src/clock/S32K1xx/clock_S32K1xx.o
 .text.CLOCK_SYS_ConfigureSIRC
                0x000010c4       0xc4 ./SDK/platform/drivers/src/clock/S32K1xx/clock_S32K1xx.o
 .text.CLOCK_SYS_GetFircFreq
                0x00001188       0x24 ./SDK/platform/drivers/src/clock/S32K1xx/clock_S32K1xx.o
 .text.CLOCK_SYS_ConfigureFIRC
                0x000011ac       0xb4 ./SDK/platform/drivers/src/clock/S32K1xx/clock_S32K1xx.o
 .text.CLOCK_SYS_SetSystemClockConfig
                0x00001260      0x140 ./SDK/platform/drivers/src/clock/S32K1xx/clock_S32K1xx.o
 .text.CLOCK_SYS_TransitionSystemClock
                0x000013a0       0x54 ./SDK/platform/drivers/src/clock/S32K1xx/clock_S32K1xx.o
 .text.CLOCK_SYS_GetSystemClockFreq
                0x000013f4       0x80 ./SDK/platform/drivers/src/clock/S32K1xx/clock_S32K1xx.o
 .text.CLOCK_SYS_GetScgClkOutFreq
                0x00001474       0x3c ./SDK/platform/drivers/src/clock/S32K1xx/clock_S32K1xx.o
 .text.CLOCK_SYS_GetSysAsyncFreq
                0x000014b0       0xac ./SDK/platform/drivers/src/clock/S32K1xx/clock_S32K1xx.o
 .text.CLOCK_SYS_GetSimRtcClkFreq
                0x0000155c       0x50 ./SDK/platform/drivers/src/clock/S32K1xx/clock_S32K1xx.o
 .text.CLOCK_SYS_GetLpoFreq
                0x000015ac       0x54 ./SDK/platform/drivers/src/clock/S32K1xx/clock_S32K1xx.o
 .text.CLOCK_SYS_GetSimClkOutFreq
                0x00001600       0x80 ./SDK/platform/drivers/src/clock/S32K1xx/clock_S32K1xx.o
 .text.CLOCK_SYS_GetSimClockFreq
                0x00001680      0x148 ./SDK/platform/drivers/src/clock/S32K1xx/clock_S32K1xx.o
 .text.CLOCK_SYS_GetPeripheralClock
                0x000017c8       0x9c ./SDK/platform/drivers/src/clock/S32K1xx/clock_S32K1xx.o
 .text.CLOCK_DRV_Init
                0x00001864      0x55c ./SDK/platform/drivers/src/clock/S32K1xx/clock_S32K1xx.o
                0x00001864                CLOCK_DRV_Init
 .text.CLOCK_DRV_GetFreq
                0x00001dc0      0x194 ./SDK/platform/drivers/src/clock/S32K1xx/clock_S32K1xx.o
                0x00001dc0                CLOCK_DRV_GetFreq
 .text.CLOCK_SYS_Init
                0x00001f54       0x28 ./SDK/platform/drivers/src/clock/S32K1xx/clock_S32K1xx.o
                0x00001f54                CLOCK_SYS_Init
 .text.CLOCK_SYS_UpdateConfiguration
                0x00001f7c      0x100 ./SDK/platform/drivers/src/clock/S32K1xx/clock_S32K1xx.o
                0x00001f7c                CLOCK_SYS_UpdateConfiguration
 .text.CLOCK_SYS_GetFreq
                0x0000207c        0x8 ./SDK/platform/drivers/src/clock/S32K1xx/clock_S32K1xx.o
                0x0000207c                CLOCK_SYS_GetFreq
 .text.EDMA_DRV_ClearIntStatus
                0x00002084       0x24 ./SDK/platform/drivers/src/edma/edma_driver.o
 .text.EDMA_DRV_InstallCallback
                0x000020a8       0x40 ./SDK/platform/drivers/src/edma/edma_driver.o
                0x000020a8                EDMA_DRV_InstallCallback
 .text.EDMA_DRV_IRQHandler
                0x000020e8       0x28 ./SDK/platform/drivers/src/edma/edma_driver.o
                0x000020e8                EDMA_DRV_IRQHandler
 .text.EDMA_DRV_ErrorIRQHandler
                0x00002110       0x44 ./SDK/platform/drivers/src/edma/edma_driver.o
                0x00002110                EDMA_DRV_ErrorIRQHandler
 .text.EDMA_DRV_ConfigSingleBlockTransfer
                0x00002154      0x224 ./SDK/platform/drivers/src/edma/edma_driver.o
                0x00002154                EDMA_DRV_ConfigSingleBlockTransfer
 .text.EDMA_DRV_ConfigMultiBlockTransfer
                0x00002378       0xc0 ./SDK/platform/drivers/src/edma/edma_driver.o
                0x00002378                EDMA_DRV_ConfigMultiBlockTransfer
 .text.EDMA_DRV_StartChannel
                0x00002438       0x44 ./SDK/platform/drivers/src/edma/edma_driver.o
                0x00002438                EDMA_DRV_StartChannel
 .text.EDMA_DRV_StopChannel
                0x0000247c       0x44 ./SDK/platform/drivers/src/edma/edma_driver.o
                0x0000247c                EDMA_DRV_StopChannel
 .text.EDMA_DRV_SetChannelRequestAndTrigger
                0x000024c0       0x88 ./SDK/platform/drivers/src/edma/edma_driver.o
                0x000024c0                EDMA_DRV_SetChannelRequestAndTrigger
 .text.EDMA_DRV_SetSrcLastAddrAdjustment
                0x00002548       0x44 ./SDK/platform/drivers/src/edma/edma_driver.o
                0x00002548                EDMA_DRV_SetSrcLastAddrAdjustment
 .text.EDMA_DRV_DisableRequestsOnTransferComplete
                0x0000258c       0x58 ./SDK/platform/drivers/src/edma/edma_driver.o
                0x0000258c                EDMA_DRV_DisableRequestsOnTransferComplete
 .text.EDMA_DRV_GetDmaRegBaseAddr
                0x000025e4       0x10 ./SDK/platform/drivers/src/edma/edma_driver.o
                0x000025e4                EDMA_DRV_GetDmaRegBaseAddr
 .text.EDMA_SetDmaRequestCmd
                0x000025f4        0xc ./SDK/platform/drivers/src/edma/edma_hw_access.o
                0x000025f4                EDMA_SetDmaRequestCmd
 .text.EDMA_TCDClearReg
                0x00002600       0x70 ./SDK/platform/drivers/src/edma/edma_hw_access.o
                0x00002600                EDMA_TCDClearReg
 .text.EDMA_TCDSetAttribute
                0x00002670       0x44 ./SDK/platform/drivers/src/edma/edma_hw_access.o
                0x00002670                EDMA_TCDSetAttribute
 .text.EDMA_TCDSetNbytes
                0x000026b4       0x74 ./SDK/platform/drivers/src/edma/edma_hw_access.o
                0x000026b4                EDMA_TCDSetNbytes
 .text.EDMA_TCDSetMajorCount
                0x00002728       0x7c ./SDK/platform/drivers/src/edma/edma_hw_access.o
                0x00002728                EDMA_TCDSetMajorCount
 .text.DMA0_IRQHandler
                0x000027a4        0xa ./SDK/platform/drivers/src/edma/edma_irq.o
                0x000027a4                DMA0_IRQHandler
 .text.DMA1_IRQHandler
                0x000027ae        0xa ./SDK/platform/drivers/src/edma/edma_irq.o
                0x000027ae                DMA1_IRQHandler
 .text.DMA2_IRQHandler
                0x000027b8        0xa ./SDK/platform/drivers/src/edma/edma_irq.o
                0x000027b8                DMA2_IRQHandler
 .text.DMA3_IRQHandler
                0x000027c2        0xa ./SDK/platform/drivers/src/edma/edma_irq.o
                0x000027c2                DMA3_IRQHandler
 .text.DMA_Error_IRQHandler
                0x000027cc       0x28 ./SDK/platform/drivers/src/edma/edma_irq.o
                0x000027cc                DMA_Error_IRQHandler
 .text.FLEXCAN_SetTimeSegments
                0x000027f4       0x50 ./SDK/platform/drivers/src/flexcan/flexcan_driver.o
 .text.FLEXCAN_SetExtendedTimeSegments
                0x00002844       0x50 ./SDK/platform/drivers/src/flexcan/flexcan_driver.o
 .text.FLEXCAN_SetFDTimeSegments
                0x00002894       0x5c ./SDK/platform/drivers/src/flexcan/flexcan_driver.o
 .text.FLEXCAN_StartRxMessageBufferData
                0x000028f0       0x7c ./SDK/platform/drivers/src/flexcan/flexcan_driver.o
 .text.FLEXCAN_StartRxMessageFifoData
                0x0000296c      0x11c ./SDK/platform/drivers/src/flexcan/flexcan_driver.o
 .text.FLEXCAN_CompleteRxMessageFifoData
                0x00002a88       0xc0 ./SDK/platform/drivers/src/flexcan/flexcan_driver.o
 .text.FLEXCAN_CompleteRxFifoDataDMA
                0x00002b48       0x30 ./SDK/platform/drivers/src/flexcan/flexcan_driver.o
 .text.FLEXCAN_CompleteTransfer
                0x00002b78       0x3c ./SDK/platform/drivers/src/flexcan/flexcan_driver.o
 .text.FLEXCAN_DRV_Init
                0x00002bb4      0x270 ./SDK/platform/drivers/src/flexcan/flexcan_driver.o
                0x00002bb4                FLEXCAN_DRV_Init
 .text.FLEXCAN_DRV_ConfigRxMb
                0x00002e24       0x94 ./SDK/platform/drivers/src/flexcan/flexcan_driver.o
                0x00002e24                FLEXCAN_DRV_ConfigRxMb
 .text.FLEXCAN_DRV_ConfigRxFifo
                0x00002eb8       0x3c ./SDK/platform/drivers/src/flexcan/flexcan_driver.o
                0x00002eb8                FLEXCAN_DRV_ConfigRxFifo
 .text.FLEXCAN_DRV_Receive
                0x00002ef4       0x34 ./SDK/platform/drivers/src/flexcan/flexcan_driver.o
                0x00002ef4                FLEXCAN_DRV_Receive
 .text.FLEXCAN_DRV_RxFifo
                0x00002f28       0x12 ./SDK/platform/drivers/src/flexcan/flexcan_driver.o
                0x00002f28                FLEXCAN_DRV_RxFifo
 *fill*         0x00002f3a        0x2 
 .text.FLEXCAN_Error_IRQHandler
                0x00002f3c       0x30 ./SDK/platform/drivers/src/flexcan/flexcan_driver.o
                0x00002f3c                FLEXCAN_Error_IRQHandler
 .text.FLEXCAN_WakeUpHandler
                0x00002f6c       0x80 ./SDK/platform/drivers/src/flexcan/flexcan_driver.o
                0x00002f6c                FLEXCAN_WakeUpHandler
 .text.FLEXCAN_IRQHandler
                0x00002fec      0x28c ./SDK/platform/drivers/src/flexcan/flexcan_driver.o
                0x00002fec                FLEXCAN_IRQHandler
 .text.FLEXCAN_DRV_GetTransferStatus
                0x00003278       0x2c ./SDK/platform/drivers/src/flexcan/flexcan_driver.o
                0x00003278                FLEXCAN_DRV_GetTransferStatus
 .text.FLEXCAN_ComputePayloadSize
                0x000032a4       0x3c ./SDK/platform/drivers/src/flexcan/flexcan_hw_access.o
 .text.FLEXCAN_GetMaxMbNum
                0x000032e0       0x14 ./SDK/platform/drivers/src/flexcan/flexcan_hw_access.o
                0x000032e0                FLEXCAN_GetMaxMbNum
 .text.FLEXCAN_Enable
                0x000032f4       0x34 ./SDK/platform/drivers/src/flexcan/flexcan_hw_access.o
                0x000032f4                FLEXCAN_Enable
 .text.FLEXCAN_Disable
                0x00003328       0x1c ./SDK/platform/drivers/src/flexcan/flexcan_hw_access.o
                0x00003328                FLEXCAN_Disable
 .text.FLEXCAN_Init
                0x00003344       0x70 ./SDK/platform/drivers/src/flexcan/flexcan_hw_access.o
                0x00003344                FLEXCAN_Init
 .text.FLEXCAN_EnableRxFifo
                0x000033b4       0x68 ./SDK/platform/drivers/src/flexcan/flexcan_hw_access.o
                0x000033b4                FLEXCAN_EnableRxFifo
 .text.FLEXCAN_SetRxFifoFilter
                0x0000341c      0x21c ./SDK/platform/drivers/src/flexcan/flexcan_hw_access.o
                0x0000341c                FLEXCAN_SetRxFifoFilter
 .text.FLEXCAN_SetMsgBuffIntCmd
                0x00003638       0x22 ./SDK/platform/drivers/src/flexcan/flexcan_hw_access.o
                0x00003638                FLEXCAN_SetMsgBuffIntCmd
 *fill*         0x0000365a        0x2 
 .text.FLEXCAN_ExitFreezeMode
                0x0000365c       0x24 ./SDK/platform/drivers/src/flexcan/flexcan_hw_access.o
                0x0000365c                FLEXCAN_ExitFreezeMode
 .text.FLEXCAN_EnterFreezeMode
                0x00003680       0xa4 ./SDK/platform/drivers/src/flexcan/flexcan_hw_access.o
                0x00003680                FLEXCAN_EnterFreezeMode
 .text.FLEXCAN_ClearErrIntStatusFlag
                0x00003724       0x10 ./SDK/platform/drivers/src/flexcan/flexcan_hw_access.o
                0x00003724                FLEXCAN_ClearErrIntStatusFlag
 .text.FLEXCAN_ReadRxFifo
                0x00003734       0xa0 ./SDK/platform/drivers/src/flexcan/flexcan_hw_access.o
                0x00003734                FLEXCAN_ReadRxFifo
 .text.FLEXCAN_SetOperationMode
                0x000037d4       0x70 ./SDK/platform/drivers/src/flexcan/flexcan_hw_access.o
                0x000037d4                FLEXCAN_SetOperationMode
 .text.FLEXCAN_IsOutOfRangeMbIdx
                0x00003844       0x28 ./SDK/platform/drivers/src/flexcan/flexcan_hw_access.o
                0x00003844                FLEXCAN_IsOutOfRangeMbIdx
 .text.FLEXCAN_SetPayloadSize
                0x0000386c       0x34 ./SDK/platform/drivers/src/flexcan/flexcan_hw_access.o
                0x0000386c                FLEXCAN_SetPayloadSize
 .text.FLEXCAN_GetPayloadSize
                0x000038a0       0x1c ./SDK/platform/drivers/src/flexcan/flexcan_hw_access.o
                0x000038a0                FLEXCAN_GetPayloadSize
 .text.FLEXCAN_GetMsgBuffRegion
                0x000038bc       0x3c ./SDK/platform/drivers/src/flexcan/flexcan_hw_access.o
                0x000038bc                FLEXCAN_GetMsgBuffRegion
 .text.FLEXCAN_SetRxMsgBuff
                0x000038f8       0xdc ./SDK/platform/drivers/src/flexcan/flexcan_hw_access.o
                0x000038f8                FLEXCAN_SetRxMsgBuff
 .text.FLEXCAN_LockRxMsgBuff
                0x000039d4        0xa ./SDK/platform/drivers/src/flexcan/flexcan_hw_access.o
                0x000039d4                FLEXCAN_LockRxMsgBuff
 .text.FLEXCAN_GetMsgBuff
                0x000039de       0xf4 ./SDK/platform/drivers/src/flexcan/flexcan_hw_access.o
                0x000039de                FLEXCAN_GetMsgBuff
 .text.FLEXCAN_SetMaxMsgBuffNum
                0x00003ad2       0xaa ./SDK/platform/drivers/src/flexcan/flexcan_hw_access.o
                0x00003ad2                FLEXCAN_SetMaxMsgBuffNum
 .text.CAN0_ORed_Err_Wakeup_IRQHandler
                0x00003b7c        0xa ./SDK/platform/drivers/src/flexcan/flexcan_irq.o
                0x00003b7c                CAN0_ORed_Err_Wakeup_IRQHandler
 .text.CAN0_ORed_0_31_MB_IRQHandler
                0x00003b86        0xa ./SDK/platform/drivers/src/flexcan/flexcan_irq.o
                0x00003b86                CAN0_ORed_0_31_MB_IRQHandler
 .text.INT_SYS_EnableIRQ
                0x00003b90       0x34 ./SDK/platform/drivers/src/interrupt/interrupt_manager.o
                0x00003b90                INT_SYS_EnableIRQ
 .text.INT_SYS_EnableIRQGlobal
                0x00003bc4       0x1c ./SDK/platform/drivers/src/interrupt/interrupt_manager.o
                0x00003bc4                INT_SYS_EnableIRQGlobal
 .text.INT_SYS_DisableIRQGlobal
                0x00003be0       0x10 ./SDK/platform/drivers/src/interrupt/interrupt_manager.o
                0x00003be0                INT_SYS_DisableIRQGlobal
 .text.LPI2C_DRV_MasterQueueCmd
                0x00003bf0       0x50 ./SDK/platform/drivers/src/lpi2c/lpi2c_driver.o
 .text.LPI2C_DRV_MasterSendAddress
                0x00003c40       0x6c ./SDK/platform/drivers/src/lpi2c/lpi2c_driver.o
 .text.LPI2C_DRV_MasterQueueData
                0x00003cac       0x62 ./SDK/platform/drivers/src/lpi2c/lpi2c_driver.o
 *fill*         0x00003d0e        0x2 
 .text.LPI2C_DRV_SlaveEndTransfer
                0x00003d10       0x64 ./SDK/platform/drivers/src/lpi2c/lpi2c_driver.o
 .text.LPI2C_DRV_MasterEndTransfer
                0x00003d74       0x94 ./SDK/platform/drivers/src/lpi2c/lpi2c_driver.o
 .text.LPI2C_DRV_MasterCompleteDMATransfer
                0x00003e08       0x8c ./SDK/platform/drivers/src/lpi2c/lpi2c_driver.o
 .text.LPI2C_DRV_SlaveEndTransferHandler
                0x00003e94       0x44 ./SDK/platform/drivers/src/lpi2c/lpi2c_driver.o
 .text.LPI2C_DRV_ConfigureDmaTransfer
                0x00003ed8       0x64 ./SDK/platform/drivers/src/lpi2c/lpi2c_driver.o
 .text.LPI2C_DRV_MasterStartDmaTransfer
                0x00003f3c       0xf0 ./SDK/platform/drivers/src/lpi2c/lpi2c_driver.o
 .text.LPI2C_DRV_SlaveStartDmaTransfer
                0x0000402c       0x98 ./SDK/platform/drivers/src/lpi2c/lpi2c_driver.o
 .text.LPI2C_DRV_MasterSetBaudRate
                0x000040c4      0x188 ./SDK/platform/drivers/src/lpi2c/lpi2c_driver.o
                0x000040c4                LPI2C_DRV_MasterSetBaudRate
 .text.LPI2C_DRV_MasterSetSlaveAddr
                0x0000424c       0x24 ./SDK/platform/drivers/src/lpi2c/lpi2c_driver.o
                0x0000424c                LPI2C_DRV_MasterSetSlaveAddr
 .text.LPI2C_DRV_MasterInit
                0x00004270       0xf0 ./SDK/platform/drivers/src/lpi2c/lpi2c_driver.o
                0x00004270                LPI2C_DRV_MasterInit
 .text.LPI2C_DRV_MasterReinit
                0x00004360       0x5c ./SDK/platform/drivers/src/lpi2c/lpi2c_driver.o
 .text.LPI2C_DRV_MasterWaitTransferEnd
                0x000043bc       0xcc ./SDK/platform/drivers/src/lpi2c/lpi2c_driver.o
 .text.LPI2C_DRV_MasterSendData
                0x00004488       0x98 ./SDK/platform/drivers/src/lpi2c/lpi2c_driver.o
                0x00004488                LPI2C_DRV_MasterSendData
 .text.LPI2C_DRV_MasterSendDataBlocking
                0x00004520       0x64 ./SDK/platform/drivers/src/lpi2c/lpi2c_driver.o
                0x00004520                LPI2C_DRV_MasterSendDataBlocking
 .text.LPI2C_DRV_MasterReceiveData
                0x00004584      0x110 ./SDK/platform/drivers/src/lpi2c/lpi2c_driver.o
                0x00004584                LPI2C_DRV_MasterReceiveData
 .text.LPI2C_DRV_MasterReceiveDataBlocking
                0x00004694       0x64 ./SDK/platform/drivers/src/lpi2c/lpi2c_driver.o
                0x00004694                LPI2C_DRV_MasterReceiveDataBlocking
 .text.LPI2C_DRV_MasterIRQHandler
                0x000046f8      0x298 ./SDK/platform/drivers/src/lpi2c/lpi2c_driver.o
                0x000046f8                LPI2C_DRV_MasterIRQHandler
 .text.LPI2C_DRV_SlaveIRQHandler
                0x00004990      0x1fc ./SDK/platform/drivers/src/lpi2c/lpi2c_driver.o
                0x00004990                LPI2C_DRV_SlaveIRQHandler
 .text.LPI2C_DRV_ModuleIRQHandler
                0x00004b8c       0x24 ./SDK/platform/drivers/src/lpi2c/lpi2c_driver.o
                0x00004b8c                LPI2C_DRV_ModuleIRQHandler
 .text.LPI2C_Init
                0x00004bb0       0x1e ./SDK/platform/drivers/src/lpi2c/lpi2c_hw_access.o
                0x00004bb0                LPI2C_Init
 .text.LPI2C0_Master_Slave_IRQHandler
                0x00004bce        0xa ./SDK/platform/drivers/src/lpi2c/lpi2c_irq.o
                0x00004bce                LPI2C0_Master_Slave_IRQHandler
 .text.LPSPI_Init
                0x00004bd8        0xa ./SDK/platform/drivers/src/lpspi/lpspi_hw_access.o
                0x00004bd8                LPSPI_Init
 .text.LPSPI_Disable
                0x00004be2       0x18 ./SDK/platform/drivers/src/lpspi/lpspi_hw_access.o
                0x00004be2                LPSPI_Disable
 .text.LPSPI_SetMasterSlaveMode
                0x00004bfa        0xe ./SDK/platform/drivers/src/lpspi/lpspi_hw_access.o
                0x00004bfa                LPSPI_SetMasterSlaveMode
 .text.LPSPI_SetFlushFifoCmd
                0x00004c08        0xe ./SDK/platform/drivers/src/lpspi/lpspi_hw_access.o
                0x00004c08                LPSPI_SetFlushFifoCmd
 .text.LPSPI_ClearStatusFlag
                0x00004c16       0x1e ./SDK/platform/drivers/src/lpspi/lpspi_hw_access.o
                0x00004c16                LPSPI_ClearStatusFlag
 .text.LPSPI_SetPcsPolarityMode
                0x00004c34       0x16 ./SDK/platform/drivers/src/lpspi/lpspi_hw_access.o
                0x00004c34                LPSPI_SetPcsPolarityMode
 *fill*         0x00004c4a        0x2 
 .text.LPSPI_SetPinConfigMode
                0x00004c4c       0x24 ./SDK/platform/drivers/src/lpspi/lpspi_hw_access.o
                0x00004c4c                LPSPI_SetPinConfigMode
 .text.LPSPI_SetBaudRateDivisor
                0x00004c70       0x10 ./SDK/platform/drivers/src/lpspi/lpspi_hw_access.o
                0x00004c70                LPSPI_SetBaudRateDivisor
 .text.LPSPI_SetBaudRate
                0x00004c80      0x140 ./SDK/platform/drivers/src/lpspi/lpspi_hw_access.o
                0x00004c80                LPSPI_SetBaudRate
 .text.LPSPI_SetTxCommandReg
                0x00004dc0       0x4a ./SDK/platform/drivers/src/lpspi/lpspi_hw_access.o
                0x00004dc0                LPSPI_SetTxCommandReg
 .text.LPSPI0_IRQHandler
                0x00004e0a        0xa ./SDK/platform/drivers/src/lpspi/lpspi_irq.o
                0x00004e0a                LPSPI0_IRQHandler
 .text.LPSPI_DRV_MasterStartTransfer
                0x00004e14      0x204 ./SDK/platform/drivers/src/lpspi/lpspi_master_driver.o
 .text.LPSPI_DRV_MasterCompleteTransfer
                0x00005018       0x80 ./SDK/platform/drivers/src/lpspi/lpspi_master_driver.o
 .text.LPSPI_DRV_MasterSetDelay
                0x00005098       0x5c ./SDK/platform/drivers/src/lpspi/lpspi_master_driver.o
                0x00005098                LPSPI_DRV_MasterSetDelay
 .text.LPSPI_DRV_MasterConfigureBus
                0x000050f4      0x120 ./SDK/platform/drivers/src/lpspi/lpspi_master_driver.o
                0x000050f4                LPSPI_DRV_MasterConfigureBus
 .text.LPSPI_DRV_MasterInit
                0x00005214       0x9c ./SDK/platform/drivers/src/lpspi/lpspi_master_driver.o
                0x00005214                LPSPI_DRV_MasterInit
 .text.LPSPI_DRV_MasterTransferBlocking
                0x000052b0       0xcc ./SDK/platform/drivers/src/lpspi/lpspi_master_driver.o
                0x000052b0                LPSPI_DRV_MasterTransferBlocking
 .text.LPSPI_DRV_MasterAbortTransfer
                0x0000537c       0x44 ./SDK/platform/drivers/src/lpspi/lpspi_master_driver.o
                0x0000537c                LPSPI_DRV_MasterAbortTransfer
 .text.LPSPI_DRV_MasterCompleteDMATransfer
                0x000053c0       0x48 ./SDK/platform/drivers/src/lpspi/lpspi_master_driver.o
 .text.LPSPI_DRV_MasterCompleteRX
                0x00005408       0x20 ./SDK/platform/drivers/src/lpspi/lpspi_master_driver.o
 .text.LPSPI_DRV_MasterIRQHandler
                0x00005428       0xb4 ./SDK/platform/drivers/src/lpspi/lpspi_master_driver.o
                0x00005428                LPSPI_DRV_MasterIRQHandler
 .text.LPSPI_DRV_IRQHandler
                0x000054dc       0x24 ./SDK/platform/drivers/src/lpspi/lpspi_shared_function.o
                0x000054dc                LPSPI_DRV_IRQHandler
 .text.LPSPI_DRV_FillupTxBuffer
                0x00005500       0xb8 ./SDK/platform/drivers/src/lpspi/lpspi_shared_function.o
                0x00005500                LPSPI_DRV_FillupTxBuffer
 .text.LPSPI_DRV_ReadRXBuffer
                0x000055b8       0x7c ./SDK/platform/drivers/src/lpspi/lpspi_shared_function.o
                0x000055b8                LPSPI_DRV_ReadRXBuffer
 .text.LPSPI_DRV_DisableTEIEInterrupts
                0x00005634       0x38 ./SDK/platform/drivers/src/lpspi/lpspi_shared_function.o
                0x00005634                LPSPI_DRV_DisableTEIEInterrupts
 .text.LPSPI_DRV_SlaveAbortTransfer
                0x0000566c       0x84 ./SDK/platform/drivers/src/lpspi/lpspi_slave_driver.o
                0x0000566c                LPSPI_DRV_SlaveAbortTransfer
 .text.LPSPI_DRV_SlaveIRQHandler
                0x000056f0       0xe4 ./SDK/platform/drivers/src/lpspi/lpspi_slave_driver.o
                0x000056f0                LPSPI_DRV_SlaveIRQHandler
 .text.PINS_DRV_Init
                0x000057d4       0x1c ./SDK/platform/drivers/src/pins/pins_driver.o
                0x000057d4                PINS_DRV_Init
 .text.PINS_DRV_SetPins
                0x000057f0        0x4 ./SDK/platform/drivers/src/pins/pins_driver.o
                0x000057f0                PINS_DRV_SetPins
 .text.PINS_DRV_ClearPins
                0x000057f4        0x4 ./SDK/platform/drivers/src/pins/pins_driver.o
                0x000057f4                PINS_DRV_ClearPins
 .text.PINS_DRV_ReadPins
                0x000057f8        0x4 ./SDK/platform/drivers/src/pins/pins_driver.o
                0x000057f8                PINS_DRV_ReadPins
 .text.PINS_Init
                0x000057fc      0x12c ./SDK/platform/drivers/src/pins/pins_port_hw_access.o
                0x000057fc                PINS_Init
 .text.CAN_FindFlexCANState
                0x00005928       0x14 ./SDK/platform/pal/src/can/can_pal.o
 .text.CAN_Init
                0x0000593c       0xfc ./SDK/platform/pal/src/can/can_pal.o
                0x0000593c                CAN_Init
 .text.CAN_ConfigRxBuff
                0x00005a38       0xbc ./SDK/platform/pal/src/can/can_pal.o
                0x00005a38                CAN_ConfigRxBuff
 .text.CAN_Receive
                0x00005af4       0x78 ./SDK/platform/pal/src/can/can_pal.o
                0x00005af4                CAN_Receive
 .text.CAN_GetTransferStatus
                0x00005b6c       0x60 ./SDK/platform/pal/src/can/can_pal.o
                0x00005b6c                CAN_GetTransferStatus
 .text.SysTick_Handler
                0x00005bcc       0x10 ./SDK/rtos/osif/osif_baremetal.o
                0x00005bcc                SysTick_Handler
 .text.OSIF_SemaWait
                0x00005bdc       0xa8 ./SDK/rtos/osif/osif_baremetal.o
                0x00005bdc                OSIF_SemaWait
 .text.OSIF_SemaPost
                0x00005c84       0x2c ./SDK/rtos/osif/osif_baremetal.o
                0x00005c84                OSIF_SemaPost
 .text.OSIF_SemaCreate
                0x00005cb0       0x1c ./SDK/rtos/osif/osif_baremetal.o
                0x00005cb0                OSIF_SemaCreate
 .text.OSIF_SemaDestroy
                0x00005ccc        0xc ./SDK/rtos/osif/osif_baremetal.o
                0x00005ccc                OSIF_SemaDestroy
 .text.CAN_InitInterface
                0x00005cd8       0x3c ./src/CAN_interface.o
                0x00005cd8                CAN_InitInterface
 .text.CAN_ProcessReceivedMessage
                0x00005d14      0x634 ./src/CAN_interface.o
                0x00005d14                CAN_ProcessReceivedMessage
 .text.MBI6353Q_CreateBurstCmd
                0x00006348       0x26 ./src/MBI6353Q.o
                0x00006348                MBI6353Q_CreateBurstCmd
 .text.MBI6353Q_CreateSingleCmd
                0x0000636e       0x1c ./src/MBI6353Q.o
                0x0000636e                MBI6353Q_CreateSingleCmd
 .text.MBI6353Q_WriteConfig1
                0x0000638a       0x10 ./src/MBI6353Q.o
                0x0000638a                MBI6353Q_WriteConfig1
 .text.MBI6353Q_WriteConfig2
                0x0000639a       0x10 ./src/MBI6353Q.o
                0x0000639a                MBI6353Q_WriteConfig2
 .text.MBI6353Q_WriteConfig3
                0x000063aa       0x10 ./src/MBI6353Q.o
                0x000063aa                MBI6353Q_WriteConfig3
 .text.MBI6353Q_WriteConfig4
                0x000063ba       0x10 ./src/MBI6353Q.o
                0x000063ba                MBI6353Q_WriteConfig4
 .text.MBI6353Q_WriteConfig5
                0x000063ca       0x10 ./src/MBI6353Q.o
                0x000063ca                MBI6353Q_WriteConfig5
 .text.MBI6353Q_WriteConfig6
                0x000063da       0x10 ./src/MBI6353Q.o
                0x000063da                MBI6353Q_WriteConfig6
 .text.MBI6353Q_WriteConfig7
                0x000063ea       0x10 ./src/MBI6353Q.o
                0x000063ea                MBI6353Q_WriteConfig7
 .text.MBI6353Q_WriteConfig8
                0x000063fa       0x10 ./src/MBI6353Q.o
                0x000063fa                MBI6353Q_WriteConfig8
 .text.MBI6353Q_WriteConfig9
                0x0000640a       0x10 ./src/MBI6353Q.o
                0x0000640a                MBI6353Q_WriteConfig9
 .text.MBI6353Q_WriteConfig10
                0x0000641a       0x10 ./src/MBI6353Q.o
                0x0000641a                MBI6353Q_WriteConfig10
 .text.MBI6353Q_WriteConfig11
                0x0000642a       0x10 ./src/MBI6353Q.o
                0x0000642a                MBI6353Q_WriteConfig11
 .text.MBI6353Q_WriteConfig12
                0x0000643a       0x10 ./src/MBI6353Q.o
                0x0000643a                MBI6353Q_WriteConfig12
 .text.MBI6353Q_WriteConfig13
                0x0000644a       0x10 ./src/MBI6353Q.o
                0x0000644a                MBI6353Q_WriteConfig13
 .text.MBI6353Q_WriteConfig14
                0x0000645a       0x10 ./src/MBI6353Q.o
                0x0000645a                MBI6353Q_WriteConfig14
 .text.MBI6353Q_WriteConfig15
                0x0000646a       0x10 ./src/MBI6353Q.o
                0x0000646a                MBI6353Q_WriteConfig15
 .text.MBI6353Q_WriteConfig16
                0x0000647a       0x10 ./src/MBI6353Q.o
                0x0000647a                MBI6353Q_WriteConfig16
 .text.MBI6353Q_WriteBrightness
                0x0000648a       0x10 ./src/MBI6353Q.o
                0x0000648a                MBI6353Q_WriteBrightness
 *fill*         0x0000649a        0x2 
 .text.Config1Init
                0x0000649c       0x10 ./src/MBI6353Q_Interface.o
                0x0000649c                Config1Init
 .text.Config2Init
                0x000064ac       0x10 ./src/MBI6353Q_Interface.o
                0x000064ac                Config2Init
 .text.Config3Init
                0x000064bc       0x10 ./src/MBI6353Q_Interface.o
                0x000064bc                Config3Init
 .text.Config4Init
                0x000064cc       0x10 ./src/MBI6353Q_Interface.o
                0x000064cc                Config4Init
 .text.Config5Init
                0x000064dc       0x10 ./src/MBI6353Q_Interface.o
                0x000064dc                Config5Init
 .text.Config6Init
                0x000064ec       0x10 ./src/MBI6353Q_Interface.o
                0x000064ec                Config6Init
 .text.Config7Init
                0x000064fc       0x10 ./src/MBI6353Q_Interface.o
                0x000064fc                Config7Init
 .text.Config8Init
                0x0000650c       0x10 ./src/MBI6353Q_Interface.o
                0x0000650c                Config8Init
 .text.Config9Init
                0x0000651c       0x10 ./src/MBI6353Q_Interface.o
                0x0000651c                Config9Init
 .text.Config10Init
                0x0000652c       0x10 ./src/MBI6353Q_Interface.o
                0x0000652c                Config10Init
 .text.Config11Init
                0x0000653c       0x10 ./src/MBI6353Q_Interface.o
                0x0000653c                Config11Init
 .text.Config12Init
                0x0000654c       0x10 ./src/MBI6353Q_Interface.o
                0x0000654c                Config12Init
 .text.Config13Init
                0x0000655c       0x10 ./src/MBI6353Q_Interface.o
                0x0000655c                Config13Init
 .text.Config14Init
                0x0000656c       0x10 ./src/MBI6353Q_Interface.o
                0x0000656c                Config14Init
 .text.Config15Init
                0x0000657c       0x10 ./src/MBI6353Q_Interface.o
                0x0000657c                Config15Init
 .text.Config16Init
                0x0000658c       0x10 ./src/MBI6353Q_Interface.o
                0x0000658c                Config16Init
 .text.MaskCommand
                0x0000659c       0x10 ./src/MBI6353Q_Interface.o
                0x0000659c                MaskCommand
 .text.ConfigCommand
                0x000065ac       0x10 ./src/MBI6353Q_Interface.o
                0x000065ac                ConfigCommand
 .text.BrightnessCommand
                0x000065bc       0x10 ./src/MBI6353Q_Interface.o
                0x000065bc                BrightnessCommand
 .text.MBI6353Q_ReadRegister
                0x000065cc       0x6a ./src/MBI6353Q_Interface.o
                0x000065cc                MBI6353Q_ReadRegister
 .text.MBI6353Q_WriteSingleBrightness
                0x00006636       0x70 ./src/MBI6353Q_Interface.o
                0x00006636                MBI6353Q_WriteSingleBrightness
 *fill*         0x000066a6        0x2 
 .text.MBI6353Q_SetCurrent
                0x000066a8       0x58 ./src/MBI6353Q_Interface.o
                0x000066a8                MBI6353Q_SetCurrent
 .text.MBI6353Q_SetCurrentDivide
                0x00006700       0x64 ./src/MBI6353Q_Interface.o
                0x00006700                MBI6353Q_SetCurrentDivide
 .text.MBI6353Q_SendInitMsgs
                0x00006764      0x17e ./src/MBI6353Q_Interface.o
                0x00006764                MBI6353Q_SendInitMsgs
 .text.MBI6353Q_WriteAllBrightness
                0x000068e2       0x84 ./src/MBI6353Q_Interface.o
                0x000068e2                MBI6353Q_WriteAllBrightness
 *fill*         0x00006966        0x2 
 .text.MBI6353Q_StepBrightness
                0x00006968       0xb4 ./src/MBI6353Q_Interface.o
                0x00006968                MBI6353Q_StepBrightness
 .text.TMP1075_Read_Pointer
                0x00006a1c        0x6 ./src/TMP1075.o
                0x00006a1c                TMP1075_Read_Pointer
 *fill*         0x00006a22        0x2 
 .text.TMP1075_Read_Temp_Micro
                0x00006a24       0x6c ./src/TMP1075_Interface.o
                0x00006a24                TMP1075_Read_Temp_Micro
 .text.TMP1075_Read_Temp_Driver
                0x00006a90       0x6c ./src/TMP1075_Interface.o
                0x00006a90                TMP1075_Read_Temp_Driver
 .text.TMP1075_Read_Temp_Back
                0x00006afc       0x6c ./src/TMP1075_Interface.o
                0x00006afc                TMP1075_Read_Temp_Back
 .text.Delay    0x00006b68       0x12 ./src/Utils.o
                0x00006b68                Delay
 *fill*         0x00006b7a        0x2 
 .text.Send_OE_Vsync
                0x00006b7c       0x48 ./src/Utils.o
                0x00006b7c                Send_OE_Vsync
 .text.ReadDipSwitchState
                0x00006bc4       0x84 ./src/Utils.o
                0x00006bc4                ReadDipSwitchState
 .text.main     0x00006c48       0x84 ./src/main.o
                0x00006c48                main
 .text.memcpy   0x00006ccc       0x12 C:/NXP/S32DS.3.5/S32DS/build_tools/gcc_b1620/gcc-6.3-arm32-eabi/arm-none-eabi/newlib/lib/thumb/v6-m\libc_nano.a(lib_a-memcpy-stub.o)
                0x00006ccc                memcpy
 .text.memset   0x00006cde       0x10 C:/NXP/S32DS.3.5/S32DS/build_tools/gcc_b1620/gcc-6.3-arm32-eabi/arm-none-eabi/newlib/lib/thumb/v6-m\libc_nano.a(lib_a-memset.o)
                0x00006cde                memset
 *(.rodata)
 *fill*         0x00006cee        0x2 
 .rodata        0x00006cf0        0x8 ./src/MBI6353Q_Interface.o
 .rodata        0x00006cf8       0x40 c:/nxp/s32ds.3.5/s32ds/build_tools/gcc_b1620/gcc-6.3-arm32-eabi/bin/../lib/gcc/arm-none-eabi/6.3.1/thumb/v6-m\libgcc.a(muldf3.o)
 *(.rodata*)
 .rodata.CLOCK_SYS_GetSimClkOutFreq
                0x00006d38       0x3c ./SDK/platform/drivers/src/clock/S32K1xx/clock_S32K1xx.o
 .rodata.CLOCK_SYS_GetSimClockFreq
                0x00006d74       0x34 ./SDK/platform/drivers/src/clock/S32K1xx/clock_S32K1xx.o
 .rodata.CLOCK_DRV_GetFreq
                0x00006da8       0x40 ./SDK/platform/drivers/src/clock/S32K1xx/clock_S32K1xx.o
 .rodata.clockNameMappings
                0x00006de8       0x8a ./SDK/platform/drivers/src/clock/S32K1xx/clock_S32K1xx.o
                0x00006de8                clockNameMappings
 *fill*         0x00006e72        0x2 
 .rodata.maxSysClksInRUN.6129
                0x00006e74       0x54 ./SDK/platform/drivers/src/clock/S32K1xx/clock_S32K1xx.o
 .rodata.maxSysClksInVLPR.6128
                0x00006ec8       0x54 ./SDK/platform/drivers/src/clock/S32K1xx/clock_S32K1xx.o
 .rodata.peripheralFeaturesList
                0x00006f1c       0x45 ./SDK/platform/drivers/src/clock/S32K1xx/clock_S32K1xx.o
                0x00006f1c                peripheralFeaturesList
 *fill*         0x00006f61        0x3 
 .rodata.FLEXCAN_ComputePayloadSize
                0x00006f64       0x1c ./SDK/platform/drivers/src/flexcan/flexcan_hw_access.o
 .rodata.FLEXCAN_SetOperationMode
                0x00006f80       0x14 ./SDK/platform/drivers/src/flexcan/flexcan_hw_access.o
 .rodata.g_lpi2cDMASrc
                0x00006f94        0x2 ./SDK/platform/drivers/src/lpi2c/lpi2c_driver.o
 *fill*         0x00006f96        0x2 
 .rodata.s_baudratePrescaler
                0x00006f98       0x20 ./SDK/platform/drivers/src/lpspi/lpspi_hw_access.o
 .rodata.can_pal1_Config0
                0x00006fb8       0x34 ./board/peripherals_can_pal1.o
                0x00006fb8                can_pal1_Config0
 .rodata.lpspi_0_MasterConfig0
                0x00006fec       0x20 ./board/peripherals_lpspi_1.o
                0x00006fec                lpspi_0_MasterConfig0
 .rodata.CAN_ProcessReceivedMessage
                0x0000700c      0x400 ./src/CAN_interface.o
 .rodata.brightness_command
                0x0000740c        0x6 ./src/MBI6353Q_Interface.o
 *fill*         0x00007412        0x2 
 .rodata.config1
                0x00007414        0x6 ./src/MBI6353Q_Interface.o
 *fill*         0x0000741a        0x2 
 .rodata.config10
                0x0000741c        0x6 ./src/MBI6353Q_Interface.o
 *fill*         0x00007422        0x2 
 .rodata.config11
                0x00007424        0x6 ./src/MBI6353Q_Interface.o
 *fill*         0x0000742a        0x2 
 .rodata.config12
                0x0000742c        0x6 ./src/MBI6353Q_Interface.o
 *fill*         0x00007432        0x2 
 .rodata.config13
                0x00007434        0x6 ./src/MBI6353Q_Interface.o
 *fill*         0x0000743a        0x2 
 .rodata.config14
                0x0000743c        0x6 ./src/MBI6353Q_Interface.o
 *fill*         0x00007442        0x2 
 .rodata.config15
                0x00007444        0x6 ./src/MBI6353Q_Interface.o
 *fill*         0x0000744a        0x2 
 .rodata.config16
                0x0000744c        0x6 ./src/MBI6353Q_Interface.o
 *fill*         0x00007452        0x2 
 .rodata.config2
                0x00007454        0x6 ./src/MBI6353Q_Interface.o
 *fill*         0x0000745a        0x2 
 .rodata.config3
                0x0000745c        0x6 ./src/MBI6353Q_Interface.o
 *fill*         0x00007462        0x2 
 .rodata.config4
                0x00007464        0x6 ./src/MBI6353Q_Interface.o
 *fill*         0x0000746a        0x2 
 .rodata.config5
                0x0000746c        0x6 ./src/MBI6353Q_Interface.o
 *fill*         0x00007472        0x2 
 .rodata.config6
                0x00007474        0x6 ./src/MBI6353Q_Interface.o
 *fill*         0x0000747a        0x2 
 .rodata.config7
                0x0000747c        0x6 ./src/MBI6353Q_Interface.o
 *fill*         0x00007482        0x2 
 .rodata.config8
                0x00007484        0x6 ./src/MBI6353Q_Interface.o
 *fill*         0x0000748a        0x2 
 .rodata.config9
                0x0000748c        0x6 ./src/MBI6353Q_Interface.o
 *fill*         0x00007492        0x2 
 .rodata.config_command
                0x00007494        0x6 ./src/MBI6353Q_Interface.o
 *fill*         0x0000749a        0x2 
 .rodata.mask_command
                0x0000749c        0x6 ./src/MBI6353Q_Interface.o
 *(.init)
 *fill*         0x000074a2        0x2 
 .init          0x000074a4        0x4 c:/nxp/s32ds.3.5/s32ds/build_tools/gcc_b1620/gcc-6.3-arm32-eabi/bin/../lib/gcc/arm-none-eabi/6.3.1/thumb/v6-m/crti.o
                0x000074a4                _init
 *(.fini)
 .fini          0x000074a8        0x4 c:/nxp/s32ds.3.5/s32ds/build_tools/gcc_b1620/gcc-6.3-arm32-eabi/bin/../lib/gcc/arm-none-eabi/6.3.1/thumb/v6-m/crti.o
                0x000074a8                _fini
 *(.eh_frame)
                0x000074ac                . = ALIGN (0x4)

.glue_7         0x000074ac        0x0
 .glue_7        0x000074ac        0x0 linker stubs

.glue_7t        0x000074ac        0x0
 .glue_7t       0x000074ac        0x0 linker stubs

.vfp11_veneer   0x000074ac        0x0
 .vfp11_veneer  0x000074ac        0x0 linker stubs

.v4_bx          0x000074ac        0x0
 .v4_bx         0x000074ac        0x0 linker stubs

.iplt           0x000074ac        0x0
 .iplt          0x000074ac        0x0 ./Project_Settings/Startup_Code/startup_S32K116.o

.rel.dyn        0x000074ac        0x0
 .rel.iplt      0x000074ac        0x0 ./Project_Settings/Startup_Code/startup_S32K116.o

.ARM            0x000074ac        0x0
                0x000074ac                __exidx_start = .
 *(.ARM.exidx*)
                0x000074ac                __exidx_end = .
                0x000074ac                __etext = .
                0x000074ac                __DATA_ROM = .

.interrupts_ram
                0x20000000       0xc0
                0x20000000                . = ALIGN (0x4)
                0x20000000                __VECTOR_RAM__ = .
                0x20000000                __RAM_START = .
                0x20000000                __interrupts_ram_start__ = .
 *(.m_interrupts_ram)
                0x200000c0                . = (. + M_VECTOR_RAM_SIZE)
 *fill*         0x20000000       0xc0 
                0x200000c0                . = ALIGN (0x4)
                0x200000c0                __interrupts_ram_end__ = .
                0x20000000                __VECTOR_RAM = DEFINED (__flash_vector_table__)?ORIGIN (m_interrupts):__VECTOR_RAM__
                0x000000c0                __RAM_VECTOR_TABLE_SIZE = DEFINED (__flash_vector_table__)?0x0:(__interrupts_ram_end__ - __interrupts_ram_start__)

.data           0x200000c0      0x300 load address 0x000074ac
                0x200000c0                . = ALIGN (0x4)
                0x200000c0                __DATA_RAM = .
                0x200000c0                __data_start__ = .
 *(.data)
 *(.data*)
 .data.peripheralClockConfig.5907
                0x200000c0       0x6e ./SDK/platform/drivers/src/clock/S32K1xx/clock_S32K1xx.o
 *fill*         0x2000012e        0x2 
 .data.g_lpspiBase
                0x20000130        0x4 ./SDK/platform/drivers/src/lpspi/lpspi_shared_function.o
                0x20000130                g_lpspiBase
 .data.g_lpspiIrqId
                0x20000134        0x1 ./SDK/platform/drivers/src/lpspi/lpspi_shared_function.o
                0x20000134                g_lpspiIrqId
 .data.first_init.5470
                0x20000135        0x1 ./SDK/rtos/osif/osif_baremetal.o
 *fill*         0x20000136        0x2 
 .data.clockMan1_InitConfig0
                0x20000138       0x80 ./board/clock_config.o
                0x20000138                clockMan1_InitConfig0
 .data.g_clockManConfigsArr
                0x200001b8        0x4 ./board/clock_config.o
                0x200001b8                g_clockManConfigsArr
 .data.peripheralClockConfig0
                0x200001bc       0x6e ./board/clock_config.o
                0x200001bc                peripheralClockConfig0
 *fill*         0x2000022a        0x2 
 .data.lpi2c0_MasterConfig0
                0x2000022c       0x14 ./board/peripherals_lpi2c_config_1.o
                0x2000022c                lpi2c0_MasterConfig0
 .data.g_pin_mux_InitConfigArr0
                0x20000240      0x180 ./board/pin_mux.o
                0x20000240                g_pin_mux_InitConfigArr0
                0x200003c0                . = ALIGN (0x4)
                0x200003c0                __data_end__ = .
                0x000077ac                __DATA_END = (__DATA_ROM + (__data_end__ - __data_start__))
                0x000077ac                __CODE_ROM = __DATA_END

.igot.plt       0x200003c0        0x0 load address 0x000077ac
 .igot.plt      0x200003c0        0x0 ./Project_Settings/Startup_Code/startup_S32K116.o

.code           0x200003c0        0x0 load address 0x000077ac
                0x200003c0                . = ALIGN (0x4)
                0x200003c0                __CODE_RAM = .
                0x200003c0                __code_start__ = .
                0x200003c0                __code_ram_start__ = .
 *(.code_ram)
                0x200003c0                . = ALIGN (0x4)
                0x200003c0                __code_end__ = .
                0x200003c0                __code_ram_end__ = .
                0x000077ac                __CODE_END = (__CODE_ROM + (__code_end__ - __code_start__))
                0x000077ac                __CUSTOM_ROM = __CODE_END

.customSectionBlock
                0x1ffffc00        0x0 load address 0x000077ac
                0x1ffffc00                __customSectionStart = .
                0x1ffffc00                __customSection_start__ = .
 *(.customSection)
                0x1ffffc00                __customSection_end__ = .
                0x000077ac                __CUSTOM_END = (__CUSTOM_ROM + (__customSection_end__ - __customSection_start__))
                0x000077ac                __rom_end = __CUSTOM_END

.bss            0x200020c0      0x224
                0x200020c0                . = ALIGN (0x4)
                0x200020c0                __BSS_START = .
                0x200020c0                __bss_start__ = .
 *(.bss)
 *(.bss*)
 .bss.g_RtcClkInFreq
                0x200020c0        0x4 ./SDK/platform/drivers/src/clock/S32K1xx/clock_S32K1xx.o
                0x200020c0                g_RtcClkInFreq
 .bss.g_TClkFreq
                0x200020c4        0xc ./SDK/platform/drivers/src/clock/S32K1xx/clock_S32K1xx.o
                0x200020c4                g_TClkFreq
 .bss.g_clockState
                0x200020d0       0x10 ./SDK/platform/drivers/src/clock/S32K1xx/clock_S32K1xx.o
 .bss.g_xtal0ClkFreq
                0x200020e0        0x4 ./SDK/platform/drivers/src/clock/S32K1xx/clock_S32K1xx.o
                0x200020e0                g_xtal0ClkFreq
 .bss.s_virtEdmaState
                0x200020e4        0x4 ./SDK/platform/drivers/src/edma/edma_driver.o
 .bss.g_flexcanStatePtr
                0x200020e8        0x4 ./SDK/platform/drivers/src/flexcan/flexcan_driver.o
 .bss.g_interruptDisableCount
                0x200020ec        0x4 ./SDK/platform/drivers/src/interrupt/interrupt_manager.o
 .bss.g_lpi2cMasterStatePtr
                0x200020f0        0x4 ./SDK/platform/drivers/src/lpi2c/lpi2c_driver.o
 .bss.g_lpi2cSlaveStatePtr
                0x200020f4        0x4 ./SDK/platform/drivers/src/lpi2c/lpi2c_driver.o
 .bss.g_lpspiStatePtr
                0x200020f8        0x4 ./SDK/platform/drivers/src/lpspi/lpspi_shared_function.o
                0x200020f8                g_lpspiStatePtr
 .bss.s_flexcanRxFifoState
                0x200020fc        0x2 ./SDK/platform/pal/src/can/can_pal.o
 *fill*         0x200020fe        0x2 
 .bss.s_flexcanState
                0x20002100      0x114 ./SDK/platform/pal/src/can/can_pal.o
 .bss.s_flexcanStateInstanceMapping
                0x20002214        0x4 ./SDK/platform/pal/src/can/can_pal.o
 .bss.s_flexcanStateIsAllocated
                0x20002218        0x1 ./SDK/platform/pal/src/can/can_pal.o
 *fill*         0x20002219        0x3 
 .bss.s_hwObjConfigs
                0x2000221c       0x80 ./SDK/platform/pal/src/can/can_pal.o
 .bss.s_osif_tick_cnt
                0x2000229c        0x4 ./SDK/rtos/osif/osif_baremetal.o
 .bss.g_clockManCallbacksArr
                0x200022a0        0x4 ./board/clock_config.o
                0x200022a0                g_clockManCallbacksArr
 .bss.can_pal1_instance
                0x200022a4        0x8 ./board/peripherals_can_pal1.o
                0x200022a4                can_pal1_instance
 .bss.lpspi_1State
                0x200022ac       0x34 ./board/peripherals_lpspi_1.o
                0x200022ac                lpspi_1State
 .bss.temp_read
                0x200022e0        0x1 ./src/TMP1075_Interface.o
                0x200022e0                temp_read
 *(COMMON)
                0x200022e4                . = ALIGN (0x4)
 *fill*         0x200022e1        0x3 
                0x200022e4                __bss_end__ = .
                0x200022e4                __BSS_END = .

.heap           0x200022e4      0x204
                0x200022e8                . = ALIGN (0x8)
 *fill*         0x200022e4        0x4 
                0x200022e8                __end__ = .
                0x200022e8                __heap_start__ = .
                [!provide]                PROVIDE (end = .)
                [!provide]                PROVIDE (_end = .)
                [!provide]                PROVIDE (__end = .)
                0x200022e8                __HeapBase = .
                0x200024e8                . = (. + HEAP_SIZE)
 *fill*         0x200022e8      0x200 
                0x200024e8                __HeapLimit = .
                0x200024e8                __heap_limit = .
                0x200024e8                __heap_end__ = .
                0x20003800                __StackTop = (ORIGIN (m_data_2) + LENGTH (m_data_2))
                0x20003600                __StackLimit = (__StackTop - STACK_SIZE)
                0x20003800                PROVIDE (__stack = __StackTop)
                0x20003800                __RAM_END = __StackTop

.stack          0x20003600      0x200
                0x20003600                . = ALIGN (0x8)
                0x20003600                __stack_start__ = .
                0x20003800                . = (. + STACK_SIZE)
 *fill*         0x20003600      0x200 
                0x20003800                __stack_end__ = .

.ARM.attributes
                0x00000000       0x28
 *(.ARM.attributes)
 .ARM.attributes
                0x00000000       0x1e c:/nxp/s32ds.3.5/s32ds/build_tools/gcc_b1620/gcc-6.3-arm32-eabi/bin/../lib/gcc/arm-none-eabi/6.3.1/thumb/v6-m/crti.o
 .ARM.attributes
                0x0000001e       0x1b ./Project_Settings/Startup_Code/startup_S32K116.o
 .ARM.attributes
                0x00000039       0x32 ./SDK/platform/devices/S32K116/startup/system_S32K116.o
 .ARM.attributes
                0x0000006b       0x32 ./SDK/platform/devices/startup.o
 .ARM.attributes
                0x0000009d       0x32 ./SDK/platform/drivers/src/clock/S32K1xx/clock_S32K1xx.o
 .ARM.attributes
                0x000000cf       0x32 ./SDK/platform/drivers/src/edma/edma_driver.o
 .ARM.attributes
                0x00000101       0x32 ./SDK/platform/drivers/src/edma/edma_hw_access.o
 .ARM.attributes
                0x00000133       0x32 ./SDK/platform/drivers/src/edma/edma_irq.o
 .ARM.attributes
                0x00000165       0x32 ./SDK/platform/drivers/src/flexcan/flexcan_driver.o
 .ARM.attributes
                0x00000197       0x32 ./SDK/platform/drivers/src/flexcan/flexcan_hw_access.o
 .ARM.attributes
                0x000001c9       0x32 ./SDK/platform/drivers/src/flexcan/flexcan_irq.o
 .ARM.attributes
                0x000001fb       0x32 ./SDK/platform/drivers/src/interrupt/interrupt_manager.o
 .ARM.attributes
                0x0000022d       0x32 ./SDK/platform/drivers/src/lpi2c/lpi2c_driver.o
 .ARM.attributes
                0x0000025f       0x32 ./SDK/platform/drivers/src/lpi2c/lpi2c_hw_access.o
 .ARM.attributes
                0x00000291       0x32 ./SDK/platform/drivers/src/lpi2c/lpi2c_irq.o
 .ARM.attributes
                0x000002c3       0x32 ./SDK/platform/drivers/src/lpspi/lpspi_hw_access.o
 .ARM.attributes
                0x000002f5       0x32 ./SDK/platform/drivers/src/lpspi/lpspi_irq.o
 .ARM.attributes
                0x00000327       0x32 ./SDK/platform/drivers/src/lpspi/lpspi_master_driver.o
 .ARM.attributes
                0x00000359       0x32 ./SDK/platform/drivers/src/lpspi/lpspi_shared_function.o
 .ARM.attributes
                0x0000038b       0x32 ./SDK/platform/drivers/src/lpspi/lpspi_slave_driver.o
 .ARM.attributes
                0x000003bd       0x32 ./SDK/platform/drivers/src/pins/pins_driver.o
 .ARM.attributes
                0x000003ef       0x32 ./SDK/platform/drivers/src/pins/pins_port_hw_access.o
 .ARM.attributes
                0x00000421       0x32 ./SDK/platform/pal/src/can/can_pal.o
 .ARM.attributes
                0x00000453       0x32 ./SDK/rtos/osif/osif_baremetal.o
 .ARM.attributes
                0x00000485       0x32 ./board/clock_config.o
 .ARM.attributes
                0x000004b7       0x32 ./board/peripherals_can_pal1.o
 .ARM.attributes
                0x000004e9       0x32 ./board/peripherals_lpi2c_config_1.o
 .ARM.attributes
                0x0000051b       0x32 ./board/peripherals_lpspi_1.o
 .ARM.attributes
                0x0000054d       0x32 ./board/pin_mux.o
 .ARM.attributes
                0x0000057f       0x32 ./src/CAN_interface.o
 .ARM.attributes
                0x000005b1       0x32 ./src/MBI6353Q.o
 .ARM.attributes
                0x000005e3       0x32 ./src/MBI6353Q_Interface.o
 .ARM.attributes
                0x00000615       0x32 ./src/TMP1075.o
 .ARM.attributes
                0x00000647       0x32 ./src/TMP1075_Interface.o
 .ARM.attributes
                0x00000679       0x32 ./src/Utils.o
 .ARM.attributes
                0x000006ab       0x32 ./src/main.o
 .ARM.attributes
                0x000006dd       0x1e c:/nxp/s32ds.3.5/s32ds/build_tools/gcc_b1620/gcc-6.3-arm32-eabi/bin/../lib/gcc/arm-none-eabi/6.3.1/thumb/v6-m\libgcc.a(_udivsi3.o)
 .ARM.attributes
                0x000006fb       0x1e c:/nxp/s32ds.3.5/s32ds/build_tools/gcc_b1620/gcc-6.3-arm32-eabi/bin/../lib/gcc/arm-none-eabi/6.3.1/thumb/v6-m\libgcc.a(_divsi3.o)
 .ARM.attributes
                0x00000719       0x1e c:/nxp/s32ds.3.5/s32ds/build_tools/gcc_b1620/gcc-6.3-arm32-eabi/bin/../lib/gcc/arm-none-eabi/6.3.1/thumb/v6-m\libgcc.a(_dvmd_tls.o)
 .ARM.attributes
                0x00000737       0x2c c:/nxp/s32ds.3.5/s32ds/build_tools/gcc_b1620/gcc-6.3-arm32-eabi/bin/../lib/gcc/arm-none-eabi/6.3.1/thumb/v6-m\libgcc.a(muldf3.o)
 .ARM.attributes
                0x00000763       0x2c c:/nxp/s32ds.3.5/s32ds/build_tools/gcc_b1620/gcc-6.3-arm32-eabi/bin/../lib/gcc/arm-none-eabi/6.3.1/thumb/v6-m\libgcc.a(floatsidf.o)
 .ARM.attributes
                0x0000078f       0x2c c:/nxp/s32ds.3.5/s32ds/build_tools/gcc_b1620/gcc-6.3-arm32-eabi/bin/../lib/gcc/arm-none-eabi/6.3.1/thumb/v6-m\libgcc.a(truncdfsf2.o)
 .ARM.attributes
                0x000007bb       0x1e c:/nxp/s32ds.3.5/s32ds/build_tools/gcc_b1620/gcc-6.3-arm32-eabi/bin/../lib/gcc/arm-none-eabi/6.3.1/thumb/v6-m\libgcc.a(_clzsi2.o)
 .ARM.attributes
                0x000007d9       0x2c C:/NXP/S32DS.3.5/S32DS/build_tools/gcc_b1620/gcc-6.3-arm32-eabi/arm-none-eabi/newlib/lib/thumb/v6-m\libc_nano.a(lib_a-memcpy-stub.o)
 .ARM.attributes
                0x00000805       0x2c C:/NXP/S32DS.3.5/S32DS/build_tools/gcc_b1620/gcc-6.3-arm32-eabi/arm-none-eabi/newlib/lib/thumb/v6-m\libc_nano.a(lib_a-memset.o)
                0x00000001                ASSERT ((__rom_end <= (ORIGIN (m_text) + LENGTH (m_text))), Region m_text overflowed!)
                0x00000001                ASSERT ((__StackLimit >= __HeapLimit), region m_data_2 overflowed with stack and heap)
OUTPUT(can_pal_s32k116.elf elf32-littlearm)

.debug_line     0x00000000    0x10cf0
 .debug_line    0x00000000       0xcf ./Project_Settings/Startup_Code/startup_S32K116.o
 .debug_line    0x000000cf      0x423 ./SDK/platform/devices/S32K116/startup/system_S32K116.o
 .debug_line    0x000004f2      0x3ae ./SDK/platform/devices/startup.o
 .debug_line    0x000008a0     0x1340 ./SDK/platform/drivers/src/clock/S32K1xx/clock_S32K1xx.o
 .debug_line    0x00001be0     0x115e ./SDK/platform/drivers/src/edma/edma_driver.o
 .debug_line    0x00002d3e      0x629 ./SDK/platform/drivers/src/edma/edma_hw_access.o
 .debug_line    0x00003367      0x4bc ./SDK/platform/drivers/src/edma/edma_irq.o
 .debug_line    0x00003823     0x1345 ./SDK/platform/drivers/src/flexcan/flexcan_driver.o
 .debug_line    0x00004b68      0xbe9 ./SDK/platform/drivers/src/flexcan/flexcan_hw_access.o
 .debug_line    0x00005751      0x3ee ./SDK/platform/drivers/src/flexcan/flexcan_irq.o
 .debug_line    0x00005b3f      0x620 ./SDK/platform/drivers/src/interrupt/interrupt_manager.o
 .debug_line    0x0000615f     0x1275 ./SDK/platform/drivers/src/lpi2c/lpi2c_driver.o
 .debug_line    0x000073d4      0x4c8 ./SDK/platform/drivers/src/lpi2c/lpi2c_hw_access.o
 .debug_line    0x0000789c      0x4a6 ./SDK/platform/drivers/src/lpi2c/lpi2c_irq.o
 .debug_line    0x00007d42      0x6ad ./SDK/platform/drivers/src/lpspi/lpspi_hw_access.o
 .debug_line    0x000083ef      0x569 ./SDK/platform/drivers/src/lpspi/lpspi_irq.o
 .debug_line    0x00008958      0xa3e ./SDK/platform/drivers/src/lpspi/lpspi_master_driver.o
 .debug_line    0x00009396      0x669 ./SDK/platform/drivers/src/lpspi/lpspi_shared_function.o
 .debug_line    0x000099ff      0x91e ./SDK/platform/drivers/src/lpspi/lpspi_slave_driver.o
 .debug_line    0x0000a31d      0x73a ./SDK/platform/drivers/src/pins/pins_driver.o
 .debug_line    0x0000aa57      0x579 ./SDK/platform/drivers/src/pins/pins_port_hw_access.o
 .debug_line    0x0000afd0      0xb8f ./SDK/platform/pal/src/can/can_pal.o
 .debug_line    0x0000bb5f      0x634 ./SDK/rtos/osif/osif_baremetal.o
 .debug_line    0x0000c193      0x455 ./board/clock_config.o
 .debug_line    0x0000c5e8      0x558 ./board/peripherals_can_pal1.o
 .debug_line    0x0000cb40      0x49e ./board/peripherals_lpi2c_config_1.o
 .debug_line    0x0000cfde      0x557 ./board/peripherals_lpspi_1.o
 .debug_line    0x0000d535      0x3ee ./board/pin_mux.o
 .debug_line    0x0000d923      0x9c4 ./src/CAN_interface.o
 .debug_line    0x0000e2e7      0x3f1 ./src/MBI6353Q.o
 .debug_line    0x0000e6d8      0xa89 ./src/MBI6353Q_Interface.o
 .debug_line    0x0000f161      0x2d8 ./src/TMP1075.o
 .debug_line    0x0000f439      0x839 ./src/TMP1075_Interface.o
 .debug_line    0x0000fc72      0x823 ./src/Utils.o
 .debug_line    0x00010495      0x85b ./src/main.o

.debug_info     0x00000000    0x3b0ff
 .debug_info    0x00000000       0x26 ./Project_Settings/Startup_Code/startup_S32K116.o
 .debug_info    0x00000026      0x3f3 ./SDK/platform/devices/S32K116/startup/system_S32K116.o
 .debug_info    0x00000419      0x295 ./SDK/platform/devices/startup.o
 .debug_info    0x000006ae     0x5697 ./SDK/platform/drivers/src/clock/S32K1xx/clock_S32K1xx.o
 .debug_info    0x00005d45     0x47b1 ./SDK/platform/drivers/src/edma/edma_driver.o
 .debug_info    0x0000a4f6      0xa4e ./SDK/platform/drivers/src/edma/edma_hw_access.o
 .debug_info    0x0000af44      0x514 ./SDK/platform/drivers/src/edma/edma_irq.o
 .debug_info    0x0000b458     0x5aac ./SDK/platform/drivers/src/flexcan/flexcan_driver.o
 .debug_info    0x00010f04     0x215b ./SDK/platform/drivers/src/flexcan/flexcan_hw_access.o
 .debug_info    0x0001305f       0xc8 ./SDK/platform/drivers/src/flexcan/flexcan_irq.o
 .debug_info    0x00013127      0xa76 ./SDK/platform/drivers/src/interrupt/interrupt_manager.o
 .debug_info    0x00013b9d     0x5cfc ./SDK/platform/drivers/src/lpi2c/lpi2c_driver.o
 .debug_info    0x00019899      0x436 ./SDK/platform/drivers/src/lpi2c/lpi2c_hw_access.o
 .debug_info    0x00019ccf       0xaf ./SDK/platform/drivers/src/lpi2c/lpi2c_irq.o
 .debug_info    0x00019d7e     0x11db ./SDK/platform/drivers/src/lpspi/lpspi_hw_access.o
 .debug_info    0x0001af59      0x5cc ./SDK/platform/drivers/src/lpspi/lpspi_irq.o
 .debug_info    0x0001b525     0x2bca ./SDK/platform/drivers/src/lpspi/lpspi_master_driver.o
 .debug_info    0x0001e0ef      0xa21 ./SDK/platform/drivers/src/lpspi/lpspi_shared_function.o
 .debug_info    0x0001eb10     0x24c4 ./SDK/platform/drivers/src/lpspi/lpspi_slave_driver.o
 .debug_info    0x00020fd4     0x13ed ./SDK/platform/drivers/src/pins/pins_driver.o
 .debug_info    0x000223c1      0x72c ./SDK/platform/drivers/src/pins/pins_port_hw_access.o
 .debug_info    0x00022aed     0x20ba ./SDK/platform/pal/src/can/can_pal.o
 .debug_info    0x00024ba7      0xb78 ./SDK/rtos/osif/osif_baremetal.o
 .debug_info    0x0002571f     0x114c ./board/clock_config.o
 .debug_info    0x0002686b      0x24f ./board/peripherals_can_pal1.o
 .debug_info    0x00026aba      0x1cd ./board/peripherals_lpi2c_config_1.o
 .debug_info    0x00026c87      0x946 ./board/peripherals_lpspi_1.o
 .debug_info    0x000275cd      0x403 ./board/pin_mux.o
 .debug_info    0x000279d0     0x41b0 ./src/CAN_interface.o
 .debug_info    0x0002bb80     0x1681 ./src/MBI6353Q.o
 .debug_info    0x0002d201     0x4f28 ./src/MBI6353Q_Interface.o
 .debug_info    0x00032129      0x9b9 ./src/TMP1075.o
 .debug_info    0x00032ae2     0x2ebc ./src/TMP1075_Interface.o
 .debug_info    0x0003599e     0x2ae7 ./src/Utils.o
 .debug_info    0x00038485     0x2c7a ./src/main.o

.debug_abbrev   0x00000000     0x4f83
 .debug_abbrev  0x00000000       0x14 ./Project_Settings/Startup_Code/startup_S32K116.o
 .debug_abbrev  0x00000014      0x14c ./SDK/platform/devices/S32K116/startup/system_S32K116.o
 .debug_abbrev  0x00000160       0xe1 ./SDK/platform/devices/startup.o
 .debug_abbrev  0x00000241      0x423 ./SDK/platform/drivers/src/clock/S32K1xx/clock_S32K1xx.o
 .debug_abbrev  0x00000664      0x437 ./SDK/platform/drivers/src/edma/edma_driver.o
 .debug_abbrev  0x00000a9b      0x240 ./SDK/platform/drivers/src/edma/edma_hw_access.o
 .debug_abbrev  0x00000cdb      0x1aa ./SDK/platform/drivers/src/edma/edma_irq.o
 .debug_abbrev  0x00000e85      0x495 ./SDK/platform/drivers/src/flexcan/flexcan_driver.o
 .debug_abbrev  0x0000131a      0x412 ./SDK/platform/drivers/src/flexcan/flexcan_hw_access.o
 .debug_abbrev  0x0000172c       0x6d ./SDK/platform/drivers/src/flexcan/flexcan_irq.o
 .debug_abbrev  0x00001799      0x269 ./SDK/platform/drivers/src/interrupt/interrupt_manager.o
 .debug_abbrev  0x00001a02      0x496 ./SDK/platform/drivers/src/lpi2c/lpi2c_driver.o
 .debug_abbrev  0x00001e98      0x171 ./SDK/platform/drivers/src/lpi2c/lpi2c_hw_access.o
 .debug_abbrev  0x00002009       0x6f ./SDK/platform/drivers/src/lpi2c/lpi2c_irq.o
 .debug_abbrev  0x00002078      0x2c6 ./SDK/platform/drivers/src/lpspi/lpspi_hw_access.o
 .debug_abbrev  0x0000233e      0x151 ./SDK/platform/drivers/src/lpspi/lpspi_irq.o
 .debug_abbrev  0x0000248f      0x420 ./SDK/platform/drivers/src/lpspi/lpspi_master_driver.o
 .debug_abbrev  0x000028af      0x274 ./SDK/platform/drivers/src/lpspi/lpspi_shared_function.o
 .debug_abbrev  0x00002b23      0x441 ./SDK/platform/drivers/src/lpspi/lpspi_slave_driver.o
 .debug_abbrev  0x00002f64      0x2fc ./SDK/platform/drivers/src/pins/pins_driver.o
 .debug_abbrev  0x00003260      0x1f1 ./SDK/platform/drivers/src/pins/pins_port_hw_access.o
 .debug_abbrev  0x00003451      0x317 ./SDK/platform/pal/src/can/can_pal.o
 .debug_abbrev  0x00003768      0x315 ./SDK/rtos/osif/osif_baremetal.o
 .debug_abbrev  0x00003a7d      0x125 ./board/clock_config.o
 .debug_abbrev  0x00003ba2       0x96 ./board/peripherals_can_pal1.o
 .debug_abbrev  0x00003c38       0xa8 ./board/peripherals_lpi2c_config_1.o
 .debug_abbrev  0x00003ce0      0x127 ./board/peripherals_lpspi_1.o
 .debug_abbrev  0x00003e07       0xcd ./board/pin_mux.o
 .debug_abbrev  0x00003ed4      0x26f ./src/CAN_interface.o
 .debug_abbrev  0x00004143      0x205 ./src/MBI6353Q.o
 .debug_abbrev  0x00004348      0x2f8 ./src/MBI6353Q_Interface.o
 .debug_abbrev  0x00004640      0x1bf ./src/TMP1075.o
 .debug_abbrev  0x000047ff      0x2a6 ./src/TMP1075_Interface.o
 .debug_abbrev  0x00004aa5      0x26d ./src/Utils.o
 .debug_abbrev  0x00004d12      0x271 ./src/main.o

.debug_aranges  0x00000000      0xf28
 .debug_aranges
                0x00000000       0x20 ./Project_Settings/Startup_Code/startup_S32K116.o
 .debug_aranges
                0x00000020       0x30 ./SDK/platform/devices/S32K116/startup/system_S32K116.o
 .debug_aranges
                0x00000050       0x20 ./SDK/platform/devices/startup.o
 .debug_aranges
                0x00000070      0x118 ./SDK/platform/drivers/src/clock/S32K1xx/clock_S32K1xx.o
 .debug_aranges
                0x00000188      0x140 ./SDK/platform/drivers/src/edma/edma_driver.o
 .debug_aranges
                0x000002c8       0x88 ./SDK/platform/drivers/src/edma/edma_hw_access.o
 .debug_aranges
                0x00000350       0x40 ./SDK/platform/drivers/src/edma/edma_irq.o
 .debug_aranges
                0x00000390      0x198 ./SDK/platform/drivers/src/flexcan/flexcan_driver.o
 .debug_aranges
                0x00000528       0xf8 ./SDK/platform/drivers/src/flexcan/flexcan_hw_access.o
 .debug_aranges
                0x00000620       0x28 ./SDK/platform/drivers/src/flexcan/flexcan_irq.o
 .debug_aranges
                0x00000648       0x68 ./SDK/platform/drivers/src/interrupt/interrupt_manager.o
 .debug_aranges
                0x000006b0      0x150 ./SDK/platform/drivers/src/lpi2c/lpi2c_driver.o
 .debug_aranges
                0x00000800       0x20 ./SDK/platform/drivers/src/lpi2c/lpi2c_hw_access.o
 .debug_aranges
                0x00000820       0x20 ./SDK/platform/drivers/src/lpi2c/lpi2c_irq.o
 .debug_aranges
                0x00000840       0x70 ./SDK/platform/drivers/src/lpspi/lpspi_hw_access.o
 .debug_aranges
                0x000008b0       0x20 ./SDK/platform/drivers/src/lpspi/lpspi_irq.o
 .debug_aranges
                0x000008d0       0x90 ./SDK/platform/drivers/src/lpspi/lpspi_master_driver.o
 .debug_aranges
                0x00000960       0x38 ./SDK/platform/drivers/src/lpspi/lpspi_shared_function.o
 .debug_aranges
                0x00000998       0x60 ./SDK/platform/drivers/src/lpspi/lpspi_slave_driver.o
 .debug_aranges
                0x000009f8       0xd0 ./SDK/platform/drivers/src/pins/pins_driver.o
 .debug_aranges
                0x00000ac8       0x38 ./SDK/platform/drivers/src/pins/pins_port_hw_access.o
 .debug_aranges
                0x00000b00       0xa8 ./SDK/platform/pal/src/can/can_pal.o
 .debug_aranges
                0x00000ba8       0x70 ./SDK/rtos/osif/osif_baremetal.o
 .debug_aranges
                0x00000c18       0x18 ./board/clock_config.o
 .debug_aranges
                0x00000c30       0x18 ./board/peripherals_can_pal1.o
 .debug_aranges
                0x00000c48       0x18 ./board/peripherals_lpi2c_config_1.o
 .debug_aranges
                0x00000c60       0x18 ./board/peripherals_lpspi_1.o
 .debug_aranges
                0x00000c78       0x18 ./board/pin_mux.o
 .debug_aranges
                0x00000c90       0x28 ./src/CAN_interface.o
 .debug_aranges
                0x00000cb8       0xb0 ./src/MBI6353Q.o
 .debug_aranges
                0x00000d68       0xf8 ./src/MBI6353Q_Interface.o
 .debug_aranges
                0x00000e60       0x30 ./src/TMP1075.o
 .debug_aranges
                0x00000e90       0x48 ./src/TMP1075_Interface.o
 .debug_aranges
                0x00000ed8       0x30 ./src/Utils.o
 .debug_aranges
                0x00000f08       0x20 ./src/main.o

.debug_str      0x00000000    0x6b108
 .debug_str     0x00000000       0xe5 ./Project_Settings/Startup_Code/startup_S32K116.o
 .debug_str     0x000000e5    0x57e76 ./SDK/platform/devices/S32K116/startup/system_S32K116.o
                              0x57ff9 (size before relaxing)
 .debug_str     0x00057f5b      0x399 ./SDK/platform/devices/startup.o
                              0x581e7 (size before relaxing)
 .debug_str     0x000582f4     0x3a6c ./SDK/platform/drivers/src/clock/S32K1xx/clock_S32K1xx.o
                              0x5ba44 (size before relaxing)
 .debug_str     0x0005bd60     0x1974 ./SDK/platform/drivers/src/edma/edma_driver.o
                              0x5a931 (size before relaxing)
 .debug_str     0x0005d6d4       0x78 ./SDK/platform/drivers/src/edma/edma_hw_access.o
                              0x58718 (size before relaxing)
 .debug_str     0x0005d74c       0xce ./SDK/platform/drivers/src/edma/edma_irq.o
                              0x5838b (size before relaxing)
 .debug_str     0x0005d81a     0x287e ./SDK/platform/drivers/src/flexcan/flexcan_driver.o
                              0x5bc3f (size before relaxing)
 .debug_str     0x00060098      0x564 ./SDK/platform/drivers/src/flexcan/flexcan_hw_access.o
                              0x5a562 (size before relaxing)
 .debug_str     0x000605fc       0xa1 ./SDK/platform/drivers/src/flexcan/flexcan_irq.o
                              0x57e3b (size before relaxing)
 .debug_str     0x0006069d      0x1bd ./SDK/platform/drivers/src/interrupt/interrupt_manager.o
                              0x58578 (size before relaxing)
 .debug_str     0x0006085a     0x1b9c ./SDK/platform/drivers/src/lpi2c/lpi2c_driver.o
                              0x5b350 (size before relaxing)
 .debug_str     0x000623f6       0x6f ./SDK/platform/drivers/src/lpi2c/lpi2c_hw_access.o
                              0x586be (size before relaxing)
 .debug_str     0x00062465       0x5c ./SDK/platform/drivers/src/lpi2c/lpi2c_irq.o
                              0x5824c (size before relaxing)
 .debug_str     0x000624c1      0x7e7 ./SDK/platform/drivers/src/lpspi/lpspi_hw_access.o
                              0x59a42 (size before relaxing)
 .debug_str     0x00062ca8       0x55 ./SDK/platform/drivers/src/lpspi/lpspi_irq.o
                              0x58c07 (size before relaxing)
 .debug_str     0x00062cfd     0x2c19 ./SDK/platform/drivers/src/lpspi/lpspi_master_driver.o
                              0x5c6fc (size before relaxing)
 .debug_str     0x00065916       0xe4 ./SDK/platform/drivers/src/lpspi/lpspi_shared_function.o
                              0x58e82 (size before relaxing)
 .debug_str     0x000659fa      0x17f ./SDK/platform/drivers/src/lpspi/lpspi_slave_driver.o
                              0x5c56e (size before relaxing)
 .debug_str     0x00065b79      0x942 ./SDK/platform/drivers/src/pins/pins_driver.o
                              0x592b5 (size before relaxing)
 .debug_str     0x000664bb       0x8a ./SDK/platform/drivers/src/pins/pins_port_hw_access.o
                              0x58624 (size before relaxing)
 .debug_str     0x00066545      0x477 ./SDK/platform/pal/src/can/can_pal.o
                              0x59aca (size before relaxing)
 .debug_str     0x000669bc      0x1e3 ./SDK/rtos/osif/osif_baremetal.o
                              0x59102 (size before relaxing)
 .debug_str     0x00066b9f       0xda ./board/clock_config.o
                              0x59be3 (size before relaxing)
 .debug_str     0x00066c79       0x4f ./board/peripherals_can_pal1.o
                              0x58451 (size before relaxing)
 .debug_str     0x00066cc8       0x5c ./board/peripherals_lpi2c_config_1.o
                              0x583a0 (size before relaxing)
 .debug_str     0x00066d24       0x72 ./board/peripherals_lpspi_1.o
                              0x58d88 (size before relaxing)
 .debug_str     0x00066d96      0x195 ./board/pin_mux.o
                              0x5863f (size before relaxing)
 .debug_str     0x00066f2b     0x2d1c ./src/CAN_interface.o
                              0x60c81 (size before relaxing)
 .debug_str     0x00069c47      0x7e8 ./src/MBI6353Q.o
                               0x6a7f (size before relaxing)
 .debug_str     0x0006a42f      0xa38 ./src/MBI6353Q_Interface.o
                              0x61081 (size before relaxing)
 .debug_str     0x0006ae67       0xca ./src/TMP1075.o
                               0x6345 (size before relaxing)
 .debug_str     0x0006af31      0x190 ./src/TMP1075_Interface.o
                              0x5e294 (size before relaxing)
 .debug_str     0x0006b0c1       0x22 ./src/Utils.o
                              0x5e712 (size before relaxing)
 .debug_str     0x0006b0e3       0x25 ./src/main.o
                              0x5f707 (size before relaxing)

.debug_loc      0x00000000    0x183dc
 .debug_loc     0x00000000       0xc0 ./SDK/platform/devices/S32K116/startup/system_S32K116.o
 .debug_loc     0x000000c0       0x32 ./SDK/platform/devices/startup.o
 .debug_loc     0x000000f2     0x41f6 ./SDK/platform/drivers/src/clock/S32K1xx/clock_S32K1xx.o
 .debug_loc     0x000042e8     0x3343 ./SDK/platform/drivers/src/edma/edma_driver.o
 .debug_loc     0x0000762b      0x894 ./SDK/platform/drivers/src/edma/edma_hw_access.o
 .debug_loc     0x00007ebf       0x63 ./SDK/platform/drivers/src/edma/edma_irq.o
 .debug_loc     0x00007f22     0x3de1 ./SDK/platform/drivers/src/flexcan/flexcan_driver.o
 .debug_loc     0x0000bd03     0x206e ./SDK/platform/drivers/src/flexcan/flexcan_hw_access.o
 .debug_loc     0x0000dd71      0x677 ./SDK/platform/drivers/src/interrupt/interrupt_manager.o
 .debug_loc     0x0000e3e8     0x3e06 ./SDK/platform/drivers/src/lpi2c/lpi2c_driver.o
 .debug_loc     0x000121ee       0x74 ./SDK/platform/drivers/src/lpi2c/lpi2c_hw_access.o
 .debug_loc     0x00012262      0x8bb ./SDK/platform/drivers/src/lpspi/lpspi_hw_access.o
 .debug_loc     0x00012b1d     0x148e ./SDK/platform/drivers/src/lpspi/lpspi_master_driver.o
 .debug_loc     0x00013fab      0x38a ./SDK/platform/drivers/src/lpspi/lpspi_shared_function.o
 .debug_loc     0x00014335      0xd48 ./SDK/platform/drivers/src/lpspi/lpspi_slave_driver.o
 .debug_loc     0x0001507d      0x9d7 ./SDK/platform/drivers/src/pins/pins_driver.o
 .debug_loc     0x00015a54      0x395 ./SDK/platform/drivers/src/pins/pins_port_hw_access.o
 .debug_loc     0x00015de9     0x15a6 ./SDK/platform/pal/src/can/can_pal.o
 .debug_loc     0x0001738f      0x38b ./SDK/rtos/osif/osif_baremetal.o
 .debug_loc     0x0001771a       0x63 ./src/CAN_interface.o
 .debug_loc     0x0001777d      0x69e ./src/MBI6353Q.o
 .debug_loc     0x00017e1b      0x4cb ./src/MBI6353Q_Interface.o
 .debug_loc     0x000182e6       0xae ./src/TMP1075_Interface.o
 .debug_loc     0x00018394       0x2a ./src/Utils.o
 .debug_loc     0x000183be       0x1e ./src/main.o

.debug_ranges   0x00000000     0x1660
 .debug_ranges  0x00000000       0x20 ./SDK/platform/devices/S32K116/startup/system_S32K116.o
 .debug_ranges  0x00000020       0x10 ./SDK/platform/devices/startup.o
 .debug_ranges  0x00000030      0x3c0 ./SDK/platform/drivers/src/clock/S32K1xx/clock_S32K1xx.o
 .debug_ranges  0x000003f0      0x1a8 ./SDK/platform/drivers/src/edma/edma_driver.o
 .debug_ranges  0x00000598       0x90 ./SDK/platform/drivers/src/edma/edma_hw_access.o
 .debug_ranges  0x00000628       0x30 ./SDK/platform/drivers/src/edma/edma_irq.o
 .debug_ranges  0x00000658      0x378 ./SDK/platform/drivers/src/flexcan/flexcan_driver.o
 .debug_ranges  0x000009d0      0x1a0 ./SDK/platform/drivers/src/flexcan/flexcan_hw_access.o
 .debug_ranges  0x00000b70       0x18 ./SDK/platform/drivers/src/flexcan/flexcan_irq.o
 .debug_ranges  0x00000b88       0x88 ./SDK/platform/drivers/src/interrupt/interrupt_manager.o
 .debug_ranges  0x00000c10      0x380 ./SDK/platform/drivers/src/lpi2c/lpi2c_driver.o
 .debug_ranges  0x00000f90       0x10 ./SDK/platform/drivers/src/lpi2c/lpi2c_hw_access.o
 .debug_ranges  0x00000fa0       0x10 ./SDK/platform/drivers/src/lpi2c/lpi2c_irq.o
 .debug_ranges  0x00000fb0       0xf0 ./SDK/platform/drivers/src/lpspi/lpspi_hw_access.o
 .debug_ranges  0x000010a0       0x10 ./SDK/platform/drivers/src/lpspi/lpspi_irq.o
 .debug_ranges  0x000010b0       0x80 ./SDK/platform/drivers/src/lpspi/lpspi_master_driver.o
 .debug_ranges  0x00001130       0x40 ./SDK/platform/drivers/src/lpspi/lpspi_shared_function.o
 .debug_ranges  0x00001170       0x50 ./SDK/platform/drivers/src/lpspi/lpspi_slave_driver.o
 .debug_ranges  0x000011c0       0xd8 ./SDK/platform/drivers/src/pins/pins_driver.o
 .debug_ranges  0x00001298       0x28 ./SDK/platform/drivers/src/pins/pins_port_hw_access.o
 .debug_ranges  0x000012c0       0xe0 ./SDK/platform/pal/src/can/can_pal.o
 .debug_ranges  0x000013a0       0x98 ./SDK/rtos/osif/osif_baremetal.o
 .debug_ranges  0x00001438       0x18 ./src/CAN_interface.o
 .debug_ranges  0x00001450       0xa0 ./src/MBI6353Q.o
 .debug_ranges  0x000014f0       0xe8 ./src/MBI6353Q_Interface.o
 .debug_ranges  0x000015d8       0x20 ./src/TMP1075.o
 .debug_ranges  0x000015f8       0x38 ./src/TMP1075_Interface.o
 .debug_ranges  0x00001630       0x20 ./src/Utils.o
 .debug_ranges  0x00001650       0x10 ./src/main.o

.debug_macro    0x00000000    0x1ee6b
 .debug_macro   0x00000000       0xb7 ./SDK/platform/devices/S32K116/startup/system_S32K116.o
 .debug_macro   0x000000b7      0x8c2 ./SDK/platform/devices/S32K116/startup/system_S32K116.o
 .debug_macro   0x00000979       0x10 ./SDK/platform/devices/S32K116/startup/system_S32K116.o
 .debug_macro   0x00000989       0x73 ./SDK/platform/devices/S32K116/startup/system_S32K116.o
 .debug_macro   0x000009fc       0x16 ./SDK/platform/devices/S32K116/startup/system_S32K116.o
 .debug_macro   0x00000a12       0x22 ./SDK/platform/devices/S32K116/startup/system_S32K116.o
 .debug_macro   0x00000a34       0x56 ./SDK/platform/devices/S32K116/startup/system_S32K116.o
 .debug_macro   0x00000a8a       0x51 ./SDK/platform/devices/S32K116/startup/system_S32K116.o
 .debug_macro   0x00000adb       0xef ./SDK/platform/devices/S32K116/startup/system_S32K116.o
 .debug_macro   0x00000bca       0x6a ./SDK/platform/devices/S32K116/startup/system_S32K116.o
 .debug_macro   0x00000c34      0x1df ./SDK/platform/devices/S32K116/startup/system_S32K116.o
 .debug_macro   0x00000e13     0xc7d6 ./SDK/platform/devices/S32K116/startup/system_S32K116.o
 .debug_macro   0x0000d5e9      0x9f3 ./SDK/platform/devices/S32K116/startup/system_S32K116.o
 .debug_macro   0x0000dfdc       0x22 ./SDK/platform/devices/S32K116/startup/system_S32K116.o
 .debug_macro   0x0000dffe       0x22 ./SDK/platform/devices/S32K116/startup/system_S32K116.o
 .debug_macro   0x0000e020       0xb8 ./SDK/platform/devices/startup.o
 .debug_macro   0x0000e0d8     0xc7e8 ./SDK/platform/devices/startup.o
 .debug_macro   0x0001a8c0       0x40 ./SDK/platform/devices/startup.o
 .debug_macro   0x0001a900      0x292 ./SDK/platform/drivers/src/clock/S32K1xx/clock_S32K1xx.o
 .debug_macro   0x0001ab92      0x16d ./SDK/platform/drivers/src/clock/S32K1xx/clock_S32K1xx.o
 .debug_macro   0x0001acff       0x16 ./SDK/platform/drivers/src/clock/S32K1xx/clock_S32K1xx.o
 .debug_macro   0x0001ad15       0x8a ./SDK/platform/drivers/src/clock/S32K1xx/clock_S32K1xx.o
 .debug_macro   0x0001ad9f       0xf9 ./SDK/platform/drivers/src/edma/edma_driver.o
 .debug_macro   0x0001ae98       0x10 ./SDK/platform/drivers/src/edma/edma_driver.o
 .debug_macro   0x0001aea8       0x16 ./SDK/platform/drivers/src/edma/edma_driver.o
 .debug_macro   0x0001aebe       0xce ./SDK/platform/drivers/src/edma/edma_hw_access.o
 .debug_macro   0x0001af8c       0xd2 ./SDK/platform/drivers/src/edma/edma_irq.o
 .debug_macro   0x0001b05e      0x19c ./SDK/platform/drivers/src/flexcan/flexcan_driver.o
 .debug_macro   0x0001b1fa       0x4c ./SDK/platform/drivers/src/flexcan/flexcan_driver.o
 .debug_macro   0x0001b246       0x18 ./SDK/platform/drivers/src/flexcan/flexcan_driver.o
 .debug_macro   0x0001b25e       0x5c ./SDK/platform/drivers/src/flexcan/flexcan_driver.o
 .debug_macro   0x0001b2ba       0x35 ./SDK/platform/drivers/src/flexcan/flexcan_driver.o
 .debug_macro   0x0001b2ef       0x34 ./SDK/platform/drivers/src/flexcan/flexcan_driver.o
 .debug_macro   0x0001b323       0x16 ./SDK/platform/drivers/src/flexcan/flexcan_driver.o
 .debug_macro   0x0001b339       0x57 ./SDK/platform/drivers/src/flexcan/flexcan_driver.o
 .debug_macro   0x0001b390       0x10 ./SDK/platform/drivers/src/flexcan/flexcan_driver.o
 .debug_macro   0x0001b3a0      0x184 ./SDK/platform/drivers/src/flexcan/flexcan_driver.o
 .debug_macro   0x0001b524      0x16c ./SDK/platform/drivers/src/flexcan/flexcan_hw_access.o
 .debug_macro   0x0001b690       0xb8 ./SDK/platform/drivers/src/flexcan/flexcan_irq.o
 .debug_macro   0x0001b748       0xcb ./SDK/platform/drivers/src/interrupt/interrupt_manager.o
 .debug_macro   0x0001b813      0x144 ./SDK/platform/drivers/src/lpi2c/lpi2c_driver.o
 .debug_macro   0x0001b957       0x88 ./SDK/platform/drivers/src/lpi2c/lpi2c_driver.o
 .debug_macro   0x0001b9df       0xff ./SDK/platform/drivers/src/lpi2c/lpi2c_hw_access.o
 .debug_macro   0x0001bade       0x82 ./SDK/platform/drivers/src/lpi2c/lpi2c_hw_access.o
 .debug_macro   0x0001bb60      0x101 ./SDK/platform/drivers/src/lpi2c/lpi2c_irq.o
 .debug_macro   0x0001bc61      0x10c ./SDK/platform/drivers/src/lpspi/lpspi_hw_access.o
 .debug_macro   0x0001bd6d      0x136 ./SDK/platform/drivers/src/lpspi/lpspi_irq.o
 .debug_macro   0x0001bea3      0x1cb ./SDK/platform/drivers/src/lpspi/lpspi_master_driver.o
 .debug_macro   0x0001c06e       0x52 ./SDK/platform/drivers/src/lpspi/lpspi_master_driver.o
 .debug_macro   0x0001c0c0       0x1f ./SDK/platform/drivers/src/lpspi/lpspi_master_driver.o
 .debug_macro   0x0001c0df       0x43 ./SDK/platform/drivers/src/lpspi/lpspi_master_driver.o
 .debug_macro   0x0001c122       0x20 ./SDK/platform/drivers/src/lpspi/lpspi_master_driver.o
 .debug_macro   0x0001c142      0x18e ./SDK/platform/drivers/src/lpspi/lpspi_master_driver.o
 .debug_macro   0x0001c2d0      0x35c ./SDK/platform/drivers/src/lpspi/lpspi_master_driver.o
 .debug_macro   0x0001c62c       0x10 ./SDK/platform/drivers/src/lpspi/lpspi_master_driver.o
 .debug_macro   0x0001c63c       0x35 ./SDK/platform/drivers/src/lpspi/lpspi_master_driver.o
 .debug_macro   0x0001c671      0x13f ./SDK/platform/drivers/src/lpspi/lpspi_shared_function.o
 .debug_macro   0x0001c7b0      0x1cb ./SDK/platform/drivers/src/lpspi/lpspi_slave_driver.o
 .debug_macro   0x0001c97b       0xdf ./SDK/platform/drivers/src/pins/pins_driver.o
 .debug_macro   0x0001ca5a       0xdf ./SDK/platform/drivers/src/pins/pins_port_hw_access.o
 .debug_macro   0x0001cb39      0x102 ./SDK/platform/pal/src/can/can_pal.o
 .debug_macro   0x0001cc3b       0x16 ./SDK/platform/pal/src/can/can_pal.o
 .debug_macro   0x0001cc51       0xfd ./SDK/rtos/osif/osif_baremetal.o
 .debug_macro   0x0001cd4e       0xda ./board/clock_config.o
 .debug_macro   0x0001ce28       0x16 ./board/clock_config.o
 .debug_macro   0x0001ce3e      0x10c ./board/peripherals_can_pal1.o
 .debug_macro   0x0001cf4a      0x100 ./board/peripherals_lpi2c_config_1.o
 .debug_macro   0x0001d04a      0x12b ./board/peripherals_lpspi_1.o
 .debug_macro   0x0001d175       0xda ./board/pin_mux.o
 .debug_macro   0x0001d24f       0x9a ./board/pin_mux.o
 .debug_macro   0x0001d2e9      0x316 ./src/CAN_interface.o
 .debug_macro   0x0001d5ff       0x16 ./src/CAN_interface.o
 .debug_macro   0x0001d615      0x30b ./src/CAN_interface.o
 .debug_macro   0x0001d920       0x52 ./src/CAN_interface.o
 .debug_macro   0x0001d972       0x10 ./src/CAN_interface.o
 .debug_macro   0x0001d982       0x1c ./src/CAN_interface.o
 .debug_macro   0x0001d99e       0x10 ./src/CAN_interface.o
 .debug_macro   0x0001d9ae       0x10 ./src/CAN_interface.o
 .debug_macro   0x0001d9be       0xb6 ./src/CAN_interface.o
 .debug_macro   0x0001da74       0x16 ./src/CAN_interface.o
 .debug_macro   0x0001da8a      0x129 ./src/CAN_interface.o
 .debug_macro   0x0001dbb3      0x11a ./src/MBI6353Q.o
 .debug_macro   0x0001dccd      0x331 ./src/MBI6353Q_Interface.o
 .debug_macro   0x0001dffe       0x16 ./src/MBI6353Q_Interface.o
 .debug_macro   0x0001e014       0x97 ./src/MBI6353Q_Interface.o
 .debug_macro   0x0001e0ab       0xf6 ./src/MBI6353Q_Interface.o
 .debug_macro   0x0001e1a1       0x16 ./src/MBI6353Q_Interface.o
 .debug_macro   0x0001e1b7      0x11a ./src/TMP1075.o
 .debug_macro   0x0001e2d1      0x299 ./src/TMP1075_Interface.o
 .debug_macro   0x0001e56a      0x2e0 ./src/Utils.o
 .debug_macro   0x0001e84a      0x310 ./src/main.o
 .debug_macro   0x0001eb5a      0x311 ./src/main.o

.comment        0x00000000       0x7e
 .comment       0x00000000       0x7e ./SDK/platform/devices/S32K116/startup/system_S32K116.o
                                 0x7f (size before relaxing)
 .comment       0x0000007e       0x7f ./SDK/platform/devices/startup.o
 .comment       0x0000007e       0x7f ./SDK/platform/drivers/src/clock/S32K1xx/clock_S32K1xx.o
 .comment       0x0000007e       0x7f ./SDK/platform/drivers/src/edma/edma_driver.o
 .comment       0x0000007e       0x7f ./SDK/platform/drivers/src/edma/edma_hw_access.o
 .comment       0x0000007e       0x7f ./SDK/platform/drivers/src/edma/edma_irq.o
 .comment       0x0000007e       0x7f ./SDK/platform/drivers/src/flexcan/flexcan_driver.o
 .comment       0x0000007e       0x7f ./SDK/platform/drivers/src/flexcan/flexcan_hw_access.o
 .comment       0x0000007e       0x7f ./SDK/platform/drivers/src/flexcan/flexcan_irq.o
 .comment       0x0000007e       0x7f ./SDK/platform/drivers/src/interrupt/interrupt_manager.o
 .comment       0x0000007e       0x7f ./SDK/platform/drivers/src/lpi2c/lpi2c_driver.o
 .comment       0x0000007e       0x7f ./SDK/platform/drivers/src/lpi2c/lpi2c_hw_access.o
 .comment       0x0000007e       0x7f ./SDK/platform/drivers/src/lpi2c/lpi2c_irq.o
 .comment       0x0000007e       0x7f ./SDK/platform/drivers/src/lpspi/lpspi_hw_access.o
 .comment       0x0000007e       0x7f ./SDK/platform/drivers/src/lpspi/lpspi_irq.o
 .comment       0x0000007e       0x7f ./SDK/platform/drivers/src/lpspi/lpspi_master_driver.o
 .comment       0x0000007e       0x7f ./SDK/platform/drivers/src/lpspi/lpspi_shared_function.o
 .comment       0x0000007e       0x7f ./SDK/platform/drivers/src/lpspi/lpspi_slave_driver.o
 .comment       0x0000007e       0x7f ./SDK/platform/drivers/src/pins/pins_driver.o
 .comment       0x0000007e       0x7f ./SDK/platform/drivers/src/pins/pins_port_hw_access.o
 .comment       0x0000007e       0x7f ./SDK/platform/pal/src/can/can_pal.o
 .comment       0x0000007e       0x7f ./SDK/rtos/osif/osif_baremetal.o
 .comment       0x0000007e       0x7f ./board/clock_config.o
 .comment       0x0000007e       0x7f ./board/peripherals_can_pal1.o
 .comment       0x0000007e       0x7f ./board/peripherals_lpi2c_config_1.o
 .comment       0x0000007e       0x7f ./board/peripherals_lpspi_1.o
 .comment       0x0000007e       0x7f ./board/pin_mux.o
 .comment       0x0000007e       0x7f ./src/CAN_interface.o
 .comment       0x0000007e       0x7f ./src/MBI6353Q.o
 .comment       0x0000007e       0x7f ./src/MBI6353Q_Interface.o
 .comment       0x0000007e       0x7f ./src/TMP1075.o
 .comment       0x0000007e       0x7f ./src/TMP1075_Interface.o
 .comment       0x0000007e       0x7f ./src/Utils.o
 .comment       0x0000007e       0x7f ./src/main.o

.debug_frame    0x00000000     0x2840
 .debug_frame   0x00000000       0x48 ./SDK/platform/devices/S32K116/startup/system_S32K116.o
 .debug_frame   0x00000048       0x2c ./SDK/platform/devices/startup.o
 .debug_frame   0x00000074      0x334 ./SDK/platform/drivers/src/clock/S32K1xx/clock_S32K1xx.o
 .debug_frame   0x000003a8      0x398 ./SDK/platform/drivers/src/edma/edma_driver.o
 .debug_frame   0x00000740      0x138 ./SDK/platform/drivers/src/edma/edma_hw_access.o
 .debug_frame   0x00000878       0x8c ./SDK/platform/drivers/src/edma/edma_irq.o